[0, [0, 
6, 
35, 
['a1', 'a2', 'a3', 'a4', 'a5', 'a6'],
[0, 0, 0, 0, 0, 1],
[1,
[[35, [-1888043347611739526396142670327809715470336, 0, 0, 0, 0, 0, 0, 586529490054134032292876680565455306752, 0, 0, 0, 0, 0, 0, 591414847960503971284831143987840, 0, 0, 0, 0, 0, 0, 265472843532245531128968765, 0, 0, 0, 0, 0, 0, 62410476400737833472, 0, 0, 0, 0, 0, 0, 9374377445732]],
[34, [0, 0, 0, 0, 0, 0, 4105706430378938226050136763958187147264, 0, 0, 0, 0, 0, 0, 8279807871447055597987636015829760, 0, 0, 0, 0, 0, 0, 5574929714177156153708344065, 0, 0, 0, 0, 0, 0, 1747493339220659337216, 0, 0, 0, 0, 0, 0, 328103210600620]],
[
[[34, [0, 0, 0, 0, 0, -2545703869268051012781040744937500149547008, 0, 0, 0, 0, 0, 0, -7120540322423720717421243327459139584, 0, 0, 0, 0, 0, 0, -3627748406117308016244621535776, 0, 0, 0, 0, 0, 0, -1636346456105436823892781, 0, 0, 0, 0, 0, 0, -399135031824803456, 0]],
32],
[[34, [0, 0, 0, 0, -3544304128060326642417715515673831429373952, 0, 0, 0, 0, 0, 0, 25648433149949699829904689020305108992, 0, 0, 0, 0, 0, 0, 27779297945016567241611955374480, 0, 0, 0, 0, 0, 0, 5917041332433767883759867, 0, 0, 0, 0, 0, 0, 389176225735472448, 0, 0]],
8],
[[34, [0, 0, 0, -18335272685182597766951305003988728221597696, 0, 0, 0, 0, 0, 0, 976442902113600437755066669014006113280, 0, 0, 0, 0, 0, 0, 813506495525260062967036885007628, 0, 0, 0, 0, 0, 0, 230660263281134841027367221, 0, 0, 0, 0, 0, 0, 29129781285393904752, 0, 0, 0]],
8],
[[34, [0, 0, -8991074662480958912276562579577603515088896, 0, 0, 0, 0, 0, 0, 1289622771103246755845003603049249810432, 0, 0, 0, 0, 0, 0, 1013277077881772793866991831295224, 0, 0, 0, 0, 0, 0, 300044564878237886400986565, 0, 0, 0, 0, 0, 0, 37657758904940909280, 0, 0, 0, 0]],
1],
[[34, [0, -63280638302258099166554701536776834898198528, 0, 0, 0, 0, 0, 0, 13055308634495508463242349032132111900672, 0, 0, 0, 0, 0, 0, 9988635406359381726411296117226144, 0, 0, 0, 0, 0, 0, 2985695854660009742556393837, 0, 0, 0, 0, 0, 0, 359890460879689434240, 0, 0, 0, 0, 0]],
2]
]]]],[1,
[[[1042933101423923356940624961182343591641 / 2^127, 2085866202847846713881249922364687183283 / 2^128], [887118571659552225821843321617493176087 / 2^126, 3548474286638208903287373286469972704349 / 2^128], [2457452941752104760738041333864302687327 / 2^127, 4914905883504209521476082667728605374655 / 2^128], [1977402428902060457675321649453944849423 / 2^127, 3954804857804120915350643298907889698847 / 2^128], [2743106069757335391991773193878081046761 / 2^128, 1371553034878667695995886596939040523381 / 2^127], [39782459565141109942114880109698227468361836449375573842295 / 2^193, 318259676521128879536919040877585819746894691595004590738361 / 2^196]]]
]]:
