# 2026-10-07. Step 3 of verify_branch_ab_lean.sh (#print axioms on its 66 theorems: 44 through v19, 9 from B26, 2 from
# B26Count, 2 from B26Irred, 9 from Jacobian/A816), run in the build overlay described in BUILD_STATUS.md, whose root
# Jacobian.lean was replaced by the repository's (it imports B26, B26Count, B26Irred and A816). The whole script passed:
# lake build exit 0, no sorry warning, source scan clean, === ALL CHECKS PASSED ===.
# Lines whose axioms are a subset of [propext, Classical.choice, Quot.sound]: 66 of 66 (exactly all three: 64).
't_zero_case' depends on axioms: [propext, Classical.choice, Quot.sound]
'minor_obstruction' depends on axioms: [propext, Classical.choice, Quot.sound]
'only_zero_transport' depends on axioms: [propext, Classical.choice, Quot.sound]
't_zero_case_char' depends on axioms: [propext, Classical.choice, Quot.sound]
't_zero_case_fails_char3' depends on axioms: [propext, Classical.choice, Quot.sound]
'minor_vanish' depends on axioms: [propext, Classical.choice, Quot.sound]
'eval_minorPoly' depends on axioms: [propext, Classical.choice, Quot.sound]
'no_nonzero_direction' depends on axioms: [propext, Classical.choice, Quot.sound]
'isValuativelyProper2D_id' depends on axioms: [propext, Classical.choice, Quot.sound]
'isValuativelyProper2D_triangular' depends on axioms: [propext, Classical.choice, Quot.sound]
'isValuativelyProper2D_linear' depends on axioms: [propext, Classical.choice, Quot.sound]
'BranchAb.layer_bracket' depends on axioms: [propext, Classical.choice, Quot.sound]
'BranchAb.coeff_yev' depends on axioms: [propext, Classical.choice, Quot.sound]
'BranchAb.layers_eq_zero' depends on axioms: [propext, Classical.choice, Quot.sound]
'BranchAb.layers_of_jac' depends on axioms: [propext, Classical.choice, Quot.sound]
'BranchAb.coeff_layerTerm' depends on axioms: [propext, Classical.choice, Quot.sound]
'BranchAb.coeff_sc' depends on axioms: [propext, Classical.choice, Quot.sound]
'BranchAb.layerTerm_sc' depends on axioms: [propext, Classical.choice, Quot.sound]
'BranchAb.layers_transport' depends on axioms: [propext, Classical.choice, Quot.sound]
'BranchAb.Descent.descent_K5' depends on axioms: [propext, Classical.choice, Quot.sound]
'BranchAb.layers_K5' depends on axioms: [propext, Classical.choice, Quot.sound]
'BranchAb.no_completion_K5' depends on axioms: [propext, Classical.choice, Quot.sound]
'BranchAb.top_layer_E5' depends on axioms: [propext, Classical.choice, Quot.sound]
'BranchAb.layers_K5_sharp' depends on axioms: [propext, Classical.choice, Quot.sound]
'BranchAb.latticeNP_card' depends on axioms: [propext, Classical.choice, Quot.sound]
'BranchAb.latticeNQ_card' depends on axioms: [propext, Classical.choice, Quot.sound]
'BranchAb.vertices_mem' depends on axioms: [propext, Classical.choice, Quot.sound]
'BranchAb.X1_pow_mul_layerPiece' depends on axioms: [propext, Classical.choice, Quot.sound]
'BranchAb.eq_sum_layerPiece' depends on axioms: [propext, Classical.choice, Quot.sound]
'BranchAb.coeff_layerPoly' depends on axioms: [propext, Classical.choice, Quot.sound]
'BranchAb.layers_of_support' depends on axioms: [propext, Classical.choice, Quot.sound]
'BranchAb.no_completion_K5_PQ' depends on axioms: [propext, Classical.choice, Quot.sound]
'BranchAb.belyi_derivative' depends on axioms: [propext, Classical.choice, Quot.sound]
'BranchAb.layerTerm_top' depends on axioms: [propext, Classical.choice, Quot.sound]
'BranchAb.orbit_solves_E5' depends on axioms: [propext, Classical.choice, Quot.sound]
'BranchAb.main_theorem_of_classification' depends on axioms: [propext, Classical.choice, Quot.sound]
'BranchAb.TopLayerSmall.m5_residual_iff' depends on axioms: [propext, Classical.choice, Quot.sound]
'BranchAb.TopLayerSmall.m5_chart_iff' depends on axioms: [propext, Classical.choice, Quot.sound]
'BranchAb.TopLayerSmall.m5_a4_ne_zero' depends on axioms: [propext, Quot.sound]
'BranchAb.TopLayerSmall.m5_T_squarefree' depends on axioms: [propext, Classical.choice, Quot.sound]
'BranchAb.TopLayerSmall.m5_solution_formulas' depends on axioms: [propext, Classical.choice, Quot.sound]
'BranchAb.TopLayerSmall.m3_residual_iff' depends on axioms: [propext, Classical.choice, Quot.sound]
'BranchAb.TopLayerSmall.m3_chart_iff' depends on axioms: [propext, Classical.choice, Quot.sound]
'BranchAb.TopLayerSmall.m3_a2_ne_zero' depends on axioms: [propext, Quot.sound]
'BranchAb.TopLayerSmall.m3_T_squarefree' depends on axioms: [propext, Classical.choice, Quot.sound]
'BranchAb.TopLayerSmall.m5_chart_card' depends on axioms: [propext, Classical.choice, Quot.sound]
'BranchAb.TopLayerSmall.m3_chart_card' depends on axioms: [propext, Classical.choice, Quot.sound]
'BranchAb.TopLayerSmall.T5poly_irreducible' depends on axioms: [propext, Classical.choice, Quot.sound]
'BranchAb.TopLayerSmall.T3poly_irreducible' depends on axioms: [propext, Classical.choice, Quot.sound]
'BranchAb.chart_K5_identities' depends on axioms: [propext, Classical.choice, Quot.sound]
'BranchAb.chart_point_solves' depends on axioms: [propext, Classical.choice, Quot.sound]
'BranchAb.topLayerClassification_of_chart' depends on axioms: [propext, Classical.choice, Quot.sound]
'BranchAb.main_theorem_of_chart' depends on axioms: [propext, Classical.choice, Quot.sound]
'BranchAb.ChartProof.eq_of_toPolyK' depends on axioms: [propext, Classical.choice, Quot.sound]
'BranchAb.ChartProof.lc_zero' depends on axioms: [propext, Classical.choice, Quot.sound]
'BranchAb.chartClassification_holds' depends on axioms: [propext, Classical.choice, Quot.sound]
'BranchAb.main_theorem' depends on axioms: [propext, Classical.choice, Quot.sound]
'BranchAb.A816.rigidity_K5' depends on axioms: [propext, Classical.choice, Quot.sound]
'BranchAb.A816.a816_K5' depends on axioms: [propext, Classical.choice, Quot.sound]
'BranchAb.layers_transport_E1' depends on axioms: [propext, Classical.choice, Quot.sound]
'BranchAb.layers_K5_rigid' depends on axioms: [propext, Classical.choice, Quot.sound]
'BranchAb.rigid_K5' depends on axioms: [propext, Classical.choice, Quot.sound]
'BranchAb.rigid_K5_PQ' depends on axioms: [propext, Classical.choice, Quot.sound]
'BranchAb.lower_edge_rigidity' depends on axioms: [propext, Classical.choice, Quot.sound]
'BranchAb.a816_eq_zero' depends on axioms: [propext, Classical.choice, Quot.sound]
'BranchAb.main_theorem_lower_edge' depends on axioms: [propext, Classical.choice, Quot.sound]
