# 2026-10-07. bash lean/certgen/check_regeneration.sh (PYTHONDONTWRITEBYTECODE=1; python-flint 0.9.0, sympy 1.14.0,
# PARI/GP installed). Exit 0, 6 min 48 s on 2 cores. Since 2026-10-07 it also regenerates Jacobian/A816 (gen_a816.py),
# requires byte-identity, and runs check_a816_statement.py on the shipped files.
span certificate: t1^5 and t2^5 verified as combinations of the 7 conditions
t=0 certificate: b_12_24 = sum inv12_e * E2_e verified
max digits  top: 13  E4 mult: 126  E3 mult: 165  zsub: 31  xsub: 56  W: 71  F: 132  G: 529  inv12: 64
wrote cert.json
PASS: regenerated cert.json and all generated Lean files are byte-identical to the shipped ones
PASS: the statements of Jacobian/A816 match the bracket equations, the a816 certificate's top layer and generators, and the expected final statements
1. F_i = b_i + s1*M_i + s2*L_i for all 7 rows: PASS
2. nonzero minors: 35 of 35;  rank over K5: 6
3. t1^5 = sum c0 * minors: PASS;  t2^5 = sum c1 * minors: PASS
4. t1^5 = sum G0*F: PASS;  t2^5 = sum G1*F: PASS
5. control (G0[1] perturbed by 1): rejected (good)
PASS: independent PARI/GP span check
weight 4: total relations 1, from lower 0, chosen new -> total chosen 1
weight 5: total relations 3, from lower 1, chosen new -> total chosen 3
weight 6: total relations 6, from lower 4, chosen new -> total chosen 5
weight 7: total relations 10, from lower 9, chosen new -> total chosen 6
5 (-2431/18240)*y1^4 + (1027/1710)*y1^2*y2 + (-41/60)*y1*y3 + (-143/380)*y2^2 + (1)*y4
5 (-3738317/46630080)*y1^5 + (16882087/34972560)*y1^3*y2 + (-2277881/5828760)*y1^2*y3 + (-115021/161910)*y1*y2^2 + (1)*y2*y3
5 (-1154351/25313472)*y1^5 + (3833107/18985104)*y1^3*y2 + (-24449/166536)*y1^2*y3 + (-6512/43947)*y1*y2^2 + (1)*y5
6 (-740761013029/10605079094400)*y1^6 + (754440973541/1988452330200)*y1^4*y2 + (-137816863/918029700)*y1^3*y3 + (-3827878261/8182931400)*y1^2*y2^2 + (-289/12635)*y2^3 + (1)*y3^2
6 (-4206749569/4242031637760)*y1^6 + (-8589189473/1590761864160)*y1^4*y2 + (-7454351/734423760)*y1^3*y3 + (440013827/9819517680)*y1^2*y2^2 + (-253/5054)*y2^3 + (1)*y6
6 (4539711243127/16353031963564800)*y1^7 + (-13373800868041/6132386986336800)*y1^5*y2 + (-81661753/707800898700)*y1^4*y3 + (214713769679/37854240656400)*y1^3*y2^2 + (-92333/19483170)*y1*y2^3 + (1)*y7
g4 certificate verified: True terms: 341
g5a certificate verified: True terms: 421
g5b certificate verified: True terms: 451
g6a certificate verified: True terms: 559
g6b certificate verified: True terms: 564
g7 certificate verified: True terms: 694
deg Res: 5  m irreducible: True
m(theta2) = 0 at Lean point: True
theta_i = q_i(theta2) verified at Lean point for i=2..7
Upsilon_i(theta2) = Lean-slice y_i verified for i=1..7 (normalization S10^2 = y7^3 reproduces the Lean slice)
R(omega(t)) = 0 mod m: True
Y_i(omega(t)) = Upsilon_i(t) mod m verified
sizes: m 5 max digits in Ups: 657
Defs: 6746 bytes
Stage1: 118820 bytes
Stage2_g4: 524926 bytes
Stage2_g5a: 762122 bytes
Stage2_g5b: 803731 bytes
Stage2_g6a: 1033322 bytes
Stage2_g6b: 1024578 bytes
Stage2_g7: 1667965 bytes
Stage3: 341115 bytes
Stage4: 127766 bytes
identities verified: 105
Final written: /tmp/tmp.6ErhEhuS54/out/Final.lean 68443 bytes; 111 step theorems referenced
PASS: regenerated ChartProof data and all 11 generated Lean modules are byte-identical to the shipped ones
