== Jacobian.BranchC.Descent2R.Bridge  22:57:42
hQs : ∀ (l : ℤ) (i : ℕ), (B l).coeff i ≠ 0 → rangeQ l i
hE : ∀ (n : ℤ), -2 ≤ n → n ≤ 4 → EIdent A B 0 n
ht2 : (B 2).coeff 12 = 1
L4 : layerTermZ 1 3 (A 1) (B 3) + layerTermZ 2 2 (A 2) (B 2) = 0
L3 : layerTermZ 0 3 (A 0) (B 3) + layerTermZ 1 2 (A 1) (B 2) + layerTermZ 2 1 (A 2) (B 1) = 0
L2c :
  layerTermZ (-1) 3 (A (-1)) (B 3) + layerTermZ 0 2 (A 0) (B 2) + layerTermZ 1 1 (A 1) (B 1) +
      layerTermZ 2 0 (A 2) (B 0) =
    0
L1 :
  layerTermZ (-2) 3 (A (-2)) (B 3) + layerTermZ (-1) 2 (A (-1)) (B 2) + layerTermZ 0 1 (A 0) (B 1) +
        layerTermZ 1 0 (A 1) (B 0) +
      layerTermZ 2 (-1) (A 2) (B (-1)) =
    0
L0 :
  layerTermZ (-3) 3 (A (-3)) (B 3) + layerTermZ (-2) 2 (A (-2)) (B 2) + layerTermZ (-1) 1 (A (-1)) (B 1) +
          layerTermZ 0 0 (A 0) (B 0) +
        layerTermZ 1 (-1) (A 1) (B (-1)) +
      layerTermZ 2 (-2) (A 2) (B (-2)) =
    0
⊢ False
Some required targets logged failures:
- Jacobian.BranchC.Descent2R.Bridge
error: build failed
[guardrun] exit 1  230.3s  peak RSS 4859 MB  cgroup anon peak 884 MB
FAILED Jacobian.BranchC.Descent2R.Bridge  23:01:33
