[2/506] Jacobian.BranchC.Descent2R.Facts  built (5s, peak 1675 MB)
[3/506] Jacobian.BranchC.Descent2R.L4.C_2_1_1  built (2s, peak 1559 MB)
[4/506] Jacobian.BranchC.Descent2R.L4.Red_2_1  built (2s, peak 1559 MB)
[5/506] Jacobian.BranchC.Descent2R.L4.C_3_3_1  built (2s, peak 1559 MB)
[6/506] Jacobian.BranchC.Descent2R.L4.Red_3_3  built (2s, peak 1559 MB)
[7/506] Jacobian.BranchC.Descent2R.L4.C_4_5_1  built (2s, peak 1567 MB)
[8/506] Jacobian.BranchC.Descent2R.L4.Red_4_5  built (2s, peak 1567 MB)
[9/506] Jacobian.BranchC.Descent2R.L4.C_5_7_1  built (2s, peak 1565 MB)
[10/506] Jacobian.BranchC.Descent2R.L4.Red_5_7  built (2s, peak 1571 MB)
[11/506] Jacobian.BranchC.Descent2R.L4.C_6_9_1  built (2s, peak 1573 MB)
[12/506] Jacobian.BranchC.Descent2R.L4.Red_6_9  built (2s, peak 1577 MB)
[13/506] Jacobian.BranchC.Descent2R.L4.C_7_11_1  built (2s, peak 1569 MB)
[14/506] Jacobian.BranchC.Descent2R.L4.Red_7_11  built (2s, peak 1571 MB)
[15/506] Jacobian.BranchC.Descent2R.L4.C_8_13_1  built (2s, peak 1583 MB)
[16/506] Jacobian.BranchC.Descent2R.L4.Red_8_13  built (2s, peak 1574 MB)
[17/506] Jacobian.BranchC.Descent2R.L4.C_9_15_1  built (2s, peak 1583 MB)
[18/506] Jacobian.BranchC.Descent2R.L4.Red_9_15  built (2s, peak 1581 MB)
[19/506] Jacobian.BranchC.Descent2R.L4.C_10_17_1  built (2s, peak 1591 MB)
[20/506] Jacobian.BranchC.Descent2R.L4.Red_10_17  built (2s, peak 1581 MB)
[21/506] Jacobian.BranchC.Descent2R.L4.C_11_19_1  built (2s, peak 1585 MB)
[22/506] Jacobian.BranchC.Descent2R.L4.Red_11_19  built (2s, peak 1581 MB)
[23/506] Jacobian.BranchC.Descent2R.L4.C_12_21_1  built (2s, peak 1590 MB)
[24/506] Jacobian.BranchC.Descent2R.L4.Red_12_21  built (2s, peak 1583 MB)
[25/506] Jacobian.BranchC.Descent2R.L4.C_13_23_1  built (2s, peak 1581 MB)
[26/506] Jacobian.BranchC.Descent2R.L4.Red_13_23  built (2s, peak 1576 MB)
[27/506] Jacobian.BranchC.Descent2R.L4.C_14_25_1  built (2s, peak 1579 MB)
[28/506] Jacobian.BranchC.Descent2R.L4.Red_14_25  built (2s, peak 1575 MB)
[29/506] Jacobian.BranchC.Descent2R.L4.C_15_27_1  built (2s, peak 1569 MB)
[30/506] Jacobian.BranchC.Descent2R.L4.Red_15_27  built (2s, peak 1571 MB)
[31/506] Jacobian.BranchC.Descent2R.L4.C_16_29_1  built (2s, peak 1569 MB)
[32/506] Jacobian.BranchC.Descent2R.L4.Red_16_29  built (2s, peak 1571 MB)
[33/506] Jacobian.BranchC.Descent2R.L4.C_17_31_1  built (2s, peak 1571 MB)
[34/506] Jacobian.BranchC.Descent2R.L4.Red_17_31  built (2s, peak 1571 MB)
[35/506] Jacobian.BranchC.Descent2R.L4.C_18_33_1  built (2s, peak 1567 MB)
[36/506] Jacobian.BranchC.Descent2R.L4.Red_18_33  built (2s, peak 1567 MB)
[37/506] Jacobian.BranchC.Descent2R.L4.C_19_35_1  built (2s, peak 1559 MB)
[38/506] Jacobian.BranchC.Descent2R.L4.Red_19_35  built (2s, peak 1561 MB)
[39/506] Jacobian.BranchC.Descent2R.L4.P_a_1_1_1  built (4s, peak 1802 MB)
[40/506] Jacobian.BranchC.Descent2R.Vals_L4  built (2s, peak 1566 MB)
[41/506] Jacobian.BranchC.Descent2R.L4.P_a_2_3_1  built (4s, peak 1802 MB)
[42/506] Jacobian.BranchC.Descent2R.L4.P_a_3_5_1  built (4s, peak 1802 MB)
[43/506] Jacobian.BranchC.Descent2R.L4.P_a_4_7_1  built (4s, peak 1804 MB)
[44/506] Jacobian.BranchC.Descent2R.L4.P_a_5_9_1  built (4s, peak 1802 MB)
[45/506] Jacobian.BranchC.Descent2R.L4.P_a_6_11_1  built (4s, peak 1798 MB)
[46/506] Jacobian.BranchC.Descent2R.L4.P_a_7_13_1  built (2s, peak 1606 MB)
[47/506] Jacobian.BranchC.Descent2R.L4.P_a_8_15_1  built (2s, peak 1604 MB)
[48/506] Jacobian.BranchC.Descent2R.L4.P_b_10_18_1  built (4s, peak 1802 MB)
[49/506] Jacobian.BranchC.Descent2R.L4.P_b_2_2_1  built (4s, peak 1803 MB)
[50/506] Jacobian.BranchC.Descent2R.L4.P_b_3_4_1  built (4s, peak 1802 MB)
[51/506] Jacobian.BranchC.Descent2R.L4.P_b_4_6_1  built (4s, peak 1802 MB)
[52/506] Jacobian.BranchC.Descent2R.L4.P_b_5_8_1  built (4s, peak 1802 MB)
[53/506] Jacobian.BranchC.Descent2R.L4.P_b_6_10_1  built (4s, peak 1802 MB)
[54/506] Jacobian.BranchC.Descent2R.L4.P_b_7_12_1  built (4s, peak 1802 MB)
[55/506] Jacobian.BranchC.Descent2R.L4.P_b_8_14_1  built (4s, peak 1802 MB)
[56/506] Jacobian.BranchC.Descent2R.L4.P_b_9_16_1  built (4s, peak 1803 MB)
[57/506] Jacobian.BranchC.Descent2R.L4.Tgt  built (2s, peak 1586 MB)
[58/506] Jacobian.BranchC.Descent2R.L3.C_1_0_1  built (2s, peak 1559 MB)
[59/506] Jacobian.BranchC.Descent2R.L3.Red_1_0  built (2s, peak 1559 MB)
[60/506] Jacobian.BranchC.Descent2R.L3.C_2_2_1  built (2s, peak 1559 MB)
[61/506] Jacobian.BranchC.Descent2R.L3.Red_2_2  built (2s, peak 1559 MB)
[62/506] Jacobian.BranchC.Descent2R.L3.C_3_4_1  built (2s, peak 1576 MB)
[63/506] Jacobian.BranchC.Descent2R.L3.Red_3_4  built (2s, peak 1567 MB)
[64/506] Jacobian.BranchC.Descent2R.L3.C_4_6_1  built (2s, peak 1593 MB)
[65/506] Jacobian.BranchC.Descent2R.L3.Red_4_6  built (2s, peak 1569 MB)
[66/506] Jacobian.BranchC.Descent2R.L3.C_5_8_1  built (2s, peak 1609 MB)
[67/506] Jacobian.BranchC.Descent2R.L3.Red_5_8  built (2s, peak 1579 MB)
[68/506] Jacobian.BranchC.Descent2R.L3.C_6_10_1  built (3s, peak 1622 MB)
[69/506] Jacobian.BranchC.Descent2R.L3.Red_6_10  built (2s, peak 1581 MB)
[70/506] Jacobian.BranchC.Descent2R.L3.C_7_12_1  built (3s, peak 1634 MB)
[71/506] Jacobian.BranchC.Descent2R.L3.Red_7_12  built (2s, peak 1581 MB)
[72/506] Jacobian.BranchC.Descent2R.L3.C_8_14_1  built (3s, peak 1638 MB)
[73/506] Jacobian.BranchC.Descent2R.L3.Red_8_14  built (2s, peak 1587 MB)
[74/506] Jacobian.BranchC.Descent2R.L3.C_9_16_1  built (3s, peak 1654 MB)
[75/506] Jacobian.BranchC.Descent2R.L3.Red_9_16  built (2s, peak 1589 MB)
[76/506] Jacobian.BranchC.Descent2R.L3.C_10_18_1  built (3s, peak 1658 MB)
[77/506] Jacobian.BranchC.Descent2R.L3.Red_10_18  built (2s, peak 1591 MB)
[78/506] Jacobian.BranchC.Descent2R.L3.C_11_20_1  built (3s, peak 1642 MB)
[79/506] Jacobian.BranchC.Descent2R.L3.Red_11_20  built (2s, peak 1589 MB)
[80/506] Jacobian.BranchC.Descent2R.L3.C_12_22_1  built (3s, peak 1646 MB)
[81/506] Jacobian.BranchC.Descent2R.L3.Red_12_22  built (2s, peak 1591 MB)
[82/506] Jacobian.BranchC.Descent2R.L3.C_13_24_1  built (3s, peak 1634 MB)
[83/506] Jacobian.BranchC.Descent2R.L3.Red_13_24  built (2s, peak 1589 MB)
[84/506] Jacobian.BranchC.Descent2R.L3.C_14_26_1  built (2s, peak 1614 MB)
[85/506] Jacobian.BranchC.Descent2R.L3.Red_14_26  built (2s, peak 1583 MB)
[86/506] Jacobian.BranchC.Descent2R.L3.C_15_28_1  built (2s, peak 1608 MB)
[87/506] Jacobian.BranchC.Descent2R.L3.Red_15_28  built (2s, peak 1579 MB)
[88/506] Jacobian.BranchC.Descent2R.L3.C_16_30_1  built (2s, peak 1595 MB)
[89/506] Jacobian.BranchC.Descent2R.L3.Red_16_30  built (2s, peak 1573 MB)
[90/506] Jacobian.BranchC.Descent2R.L3.C_17_32_1  built (2s, peak 1577 MB)
[91/506] Jacobian.BranchC.Descent2R.L3.Red_17_32  built (2s, peak 1577 MB)
[92/506] Jacobian.BranchC.Descent2R.L3.C_18_34_1  built (2s, peak 1565 MB)
[93/506] Jacobian.BranchC.Descent2R.L3.Red_18_34  built (2s, peak 1571 MB)
[94/506] Jacobian.BranchC.Descent2R.L3.C_19_36_1  built (2s, peak 1563 MB)
[95/506] Jacobian.BranchC.Descent2R.L3.Red_19_36  built (2s, peak 1565 MB)
[96/506] Jacobian.BranchC.Descent2R.L3.P_a_1_2_1  built (5s, peak 1900 MB)
[97/506] Jacobian.BranchC.Descent2R.Vals_L3  built (2s, peak 1578 MB)
[98/506] Jacobian.BranchC.Descent2R.L3.P_a_2_4_1  built (5s, peak 1900 MB)
[99/506] Jacobian.BranchC.Descent2R.L3.P_a_3_6_1  built (5s, peak 1899 MB)
[100/506] Jacobian.BranchC.Descent2R.L3.P_a_4_8_1  built (5s, peak 1900 MB)
[101/506] Jacobian.BranchC.Descent2R.L3.P_a_5_10_1  built (5s, peak 1899 MB)
[102/506] Jacobian.BranchC.Descent2R.L3.P_a_6_12_1  built (5s, peak 1900 MB)
[103/506] Jacobian.BranchC.Descent2R.L3.P_a_7_14_1  built (3s, peak 1757 MB)
[104/506] Jacobian.BranchC.Descent2R.L3.P_a_8_16_1  built (3s, peak 1756 MB)
[105/506] Jacobian.BranchC.Descent2R.L3.P_b_10_19_1  built (5s, peak 1898 MB)
[106/506] Jacobian.BranchC.Descent2R.L3.P_b_1_1_1  built (2s, peak 1559 MB)
[107/506] Jacobian.BranchC.Descent2R.L3.P_b_2_3_1  built (5s, peak 1900 MB)
[108/506] Jacobian.BranchC.Descent2R.L3.P_b_3_5_1  built (5s, peak 1900 MB)
[109/506] Jacobian.BranchC.Descent2R.L3.P_b_4_7_1  built (5s, peak 1899 MB)
[110/506] Jacobian.BranchC.Descent2R.L3.P_b_5_9_1  built (5s, peak 1900 MB)
[111/506] Jacobian.BranchC.Descent2R.L3.P_b_6_11_1  built (5s, peak 1899 MB)
[112/506] Jacobian.BranchC.Descent2R.L3.P_b_7_13_1  built (5s, peak 1900 MB)
[113/506] Jacobian.BranchC.Descent2R.L3.P_b_8_15_1  built (5s, peak 1900 MB)
[114/506] Jacobian.BranchC.Descent2R.L3.P_b_9_17_1  built (5s, peak 1900 MB)
[115/506] Jacobian.BranchC.Descent2R.L3.Tgt  built (3s, peak 1593 MB)
[116/506] Jacobian.BranchC.Descent2R.L2c.C_1_1_1  built (2s, peak 1559 MB)
[117/506] Jacobian.BranchC.Descent2R.L2c.Red_1_1  built (2s, peak 1559 MB)
[118/506] Jacobian.BranchC.Descent2R.L2c.C_2_3_1  built (2s, peak 1606 MB)
[119/506] Jacobian.BranchC.Descent2R.L2c.Red_2_3  built (2s, peak 1562 MB)
[120/506] Jacobian.BranchC.Descent2R.L2c.C_3_5_1  built (3s, peak 1664 MB)
[121/506] Jacobian.BranchC.Descent2R.L2c.Red_3_5  built (2s, peak 1582 MB)
[122/506] Jacobian.BranchC.Descent2R.L2c.C_4_7_1  built (4s, peak 1711 MB)
[123/506] Jacobian.BranchC.Descent2R.L2c.Red_4_7  built (2s, peak 1582 MB)
[124/506] Jacobian.BranchC.Descent2R.L2c.C_5_9_1  built (4s, peak 1736 MB)
[125/506] Jacobian.BranchC.Descent2R.L2c.Red_5_9  built (2s, peak 1590 MB)
[126/506] Jacobian.BranchC.Descent2R.L2c.C_6_11_1  built (5s, peak 1792 MB)
[127/506] Jacobian.BranchC.Descent2R.L2c.Red_6_11  built (2s, peak 1592 MB)
[128/506] Jacobian.BranchC.Descent2R.L2c.C_7_13_1  built (5s, peak 1819 MB)
[129/506] Jacobian.BranchC.Descent2R.L2c.Red_7_13  built (2s, peak 1596 MB)
[130/506] Jacobian.BranchC.Descent2R.L2c.C_8_15_1  built (5s, peak 1873 MB)
[131/506] Jacobian.BranchC.Descent2R.L2c.Red_8_15  built (2s, peak 1605 MB)
[132/506] Jacobian.BranchC.Descent2R.L2c.C_9_17_1  built (5s, peak 1877 MB)
[133/506] Jacobian.BranchC.Descent2R.L2c.Red_9_17  built (2s, peak 1603 MB)
[134/506] Jacobian.BranchC.Descent2R.L2c.C_10_19_1  built (6s, peak 1891 MB)
[135/506] Jacobian.BranchC.Descent2R.L2c.Red_10_19  built (2s, peak 1606 MB)
[136/506] Jacobian.BranchC.Descent2R.L2c.C_11_21_1  built (5s, peak 1855 MB)
[137/506] Jacobian.BranchC.Descent2R.L2c.Red_11_21  built (2s, peak 1603 MB)
[138/506] Jacobian.BranchC.Descent2R.L2c.C_12_23_1  built (5s, peak 1835 MB)
[139/506] Jacobian.BranchC.Descent2R.L2c.Red_12_23  built (3s, peak 1606 MB)
[140/506] Jacobian.BranchC.Descent2R.L2c.C_13_25_1  built (4s, peak 1778 MB)
[141/506] Jacobian.BranchC.Descent2R.L2c.Red_13_25  built (2s, peak 1599 MB)
[142/506] Jacobian.BranchC.Descent2R.L2c.C_14_27_1  built (4s, peak 1749 MB)
[143/506] Jacobian.BranchC.Descent2R.L2c.Red_14_27  built (2s, peak 1596 MB)
[144/506] Jacobian.BranchC.Descent2R.L2c.C_15_29_1  built (3s, peak 1701 MB)
[145/506] Jacobian.BranchC.Descent2R.L2c.Red_15_29  built (2s, peak 1589 MB)
[146/506] Jacobian.BranchC.Descent2R.L2c.C_16_31_1  built (3s, peak 1668 MB)
[147/506] Jacobian.BranchC.Descent2R.L2c.Red_16_31  built (2s, peak 1585 MB)
[148/506] Jacobian.BranchC.Descent2R.L2c.C_17_33_1  built (2s, peak 1618 MB)
[149/506] Jacobian.BranchC.Descent2R.L2c.Red_17_33  built (2s, peak 1578 MB)
[150/506] Jacobian.BranchC.Descent2R.L2c.C_18_35_1  built (2s, peak 1571 MB)
[151/506] Jacobian.BranchC.Descent2R.L2c.Red_18_35  built (2s, peak 1573 MB)
[152/506] Jacobian.BranchC.Descent2R.L2c.C_19_37_1  built (2s, peak 1565 MB)
[153/506] Jacobian.BranchC.Descent2R.L2c.Red_19_37  built (2s, peak 1565 MB)
[154/506] Jacobian.BranchC.Descent2R.L2c.P_b_1_2_1  built (6s, peak 2037 MB)
[155/506] Jacobian.BranchC.Descent2R.Vals_L2c  built (3s, peak 1601 MB)
[156/506] Jacobian.BranchC.Descent2R.L2c.P_a_0_1_1  built (6s, peak 2035 MB)
[157/506] Jacobian.BranchC.Descent2R.L2c.P_a_1_3_1  built (6s, peak 2035 MB)
[158/506] Jacobian.BranchC.Descent2R.L2c.P_a_2_5_1  built (6s, peak 2035 MB)
[159/506] Jacobian.BranchC.Descent2R.L2c.P_a_3_7_1  built (6s, peak 2037 MB)
[160/506] Jacobian.BranchC.Descent2R.L2c.P_a_4_9_1  built (6s, peak 2035 MB)
[161/506] Jacobian.BranchC.Descent2R.L2c.P_a_5_11_1  built (6s, peak 2035 MB)
[162/506] Jacobian.BranchC.Descent2R.L2c.P_b_10_20_1  built (5s, peak 1963 MB)
[163/506] Jacobian.BranchC.Descent2R.L2c.P_b_11_22_1  built (5s, peak 1962 MB)
[164/506] Jacobian.BranchC.Descent2R.L2c.P_b_12_24_1  built (5s, peak 1958 MB)
[165/506] Jacobian.BranchC.Descent2R.L2c.P_b_2_4_1  built (6s, peak 2037 MB)
[166/506] Jacobian.BranchC.Descent2R.L2c.P_b_3_6_1  built (6s, peak 2035 MB)
[167/506] Jacobian.BranchC.Descent2R.L2c.P_b_4_8_1  built (6s, peak 2035 MB)
[168/506] Jacobian.BranchC.Descent2R.L2c.P_b_5_10_1  built (6s, peak 2035 MB)
[169/506] Jacobian.BranchC.Descent2R.L2c.P_b_6_12_1  built (6s, peak 2035 MB)
[170/506] Jacobian.BranchC.Descent2R.L2c.P_b_7_14_1  built (6s, peak 2035 MB)
[171/506] Jacobian.BranchC.Descent2R.L2c.P_b_8_16_1  built (6s, peak 2035 MB)
[172/506] Jacobian.BranchC.Descent2R.L2c.P_b_9_18_1  built (6s, peak 2035 MB)
[173/506] Jacobian.BranchC.Descent2R.L2c.Tgt  built (3s, peak 1617 MB)
[174/506] Jacobian.BranchC.Descent2R.L1.C_0_0_1  built (2s, peak 1559 MB)
[175/506] Jacobian.BranchC.Descent2R.L1.Red_0_0  built (2s, peak 1559 MB)
[176/506] Jacobian.BranchC.Descent2R.L1.C_1_2_1  built (3s, peak 1674 MB)
[177/506] Jacobian.BranchC.Descent2R.L1.Red_1_2  built (2s, peak 1562 MB)
[178/506] Jacobian.BranchC.Descent2R.L1.C_2_4_1  built (5s, peak 1892 MB)
[179/506] Jacobian.BranchC.Descent2R.L1.Red_2_4  built (2s, peak 1592 MB)
[180/506] Jacobian.BranchC.Descent2R.L1.C_3_6_1  built (7s, peak 2005 MB)
[181/506] Jacobian.BranchC.Descent2R.L1.Red_3_6  built (2s, peak 1602 MB)
[182/506] Jacobian.BranchC.Descent2R.L1.C_4_8_1  built (9s, peak 2127 MB)
[183/506] Jacobian.BranchC.Descent2R.L1.Red_4_8  built (2s, peak 1609 MB)
[184/506] Jacobian.BranchC.Descent2R.L1.C_5_10_1  built (10s, peak 2242 MB)
[185/506] Jacobian.BranchC.Descent2R.L1.Red_5_10  built (3s, peak 1615 MB)
[186/506] Jacobian.BranchC.Descent2R.L1.C_6_12_1  built (12s, peak 2359 MB)
[187/506] Jacobian.BranchC.Descent2R.L1.Red_6_12  built (3s, peak 1627 MB)
[188/506] Jacobian.BranchC.Descent2R.L1.C_7_14_1  built (13s, peak 2429 MB)
[189/506] Jacobian.BranchC.Descent2R.L1.Red_7_14  built (3s, peak 1631 MB)
[190/506] Jacobian.BranchC.Descent2R.L1.C_8_16_1  built (13s, peak 2501 MB)
[191/506] Jacobian.BranchC.Descent2R.L1.Red_8_16  built (3s, peak 1635 MB)
[192/506] Jacobian.BranchC.Descent2R.L1.C_9_18_1  built (14s, peak 2493 MB)
[193/506] Jacobian.BranchC.Descent2R.L1.Red_9_18  built (3s, peak 1635 MB)
[194/506] Jacobian.BranchC.Descent2R.L1.C_10_20_1  built (13s, peak 2454 MB)
[195/506] Jacobian.BranchC.Descent2R.L1.Red_10_20  built (3s, peak 1631 MB)
[196/506] Jacobian.BranchC.Descent2R.L1.C_11_22_1  built (12s, peak 2377 MB)
[197/506] Jacobian.BranchC.Descent2R.L1.Red_11_22  built (3s, peak 1637 MB)
[198/506] Jacobian.BranchC.Descent2R.L1.C_12_24_1  built (10s, peak 2279 MB)
[199/506] Jacobian.BranchC.Descent2R.L1.Red_12_24  built (3s, peak 1629 MB)
[200/506] Jacobian.BranchC.Descent2R.L1.C_13_26_1  built (9s, peak 2159 MB)
[201/506] Jacobian.BranchC.Descent2R.L1.Red_13_26  built (3s, peak 1625 MB)
[202/506] Jacobian.BranchC.Descent2R.L1.C_14_28_1  built (7s, peak 2052 MB)
[203/506] Jacobian.BranchC.Descent2R.L1.Red_14_28  built (2s, peak 1617 MB)
[204/506] Jacobian.BranchC.Descent2R.L1.C_15_30_1  built (5s, peak 1905 MB)
[205/506] Jacobian.BranchC.Descent2R.L1.Red_15_30  built (2s, peak 1607 MB)
[206/506] Jacobian.BranchC.Descent2R.L1.C_16_32_1  built (4s, peak 1803 MB)
[207/506] Jacobian.BranchC.Descent2R.L1.Red_16_32  built (2s, peak 1598 MB)
[208/506] Jacobian.BranchC.Descent2R.L1.C_17_34_1  built (3s, peak 1697 MB)
[209/506] Jacobian.BranchC.Descent2R.L1.Red_17_34  built (2s, peak 1586 MB)
[210/506] Jacobian.BranchC.Descent2R.L1.C_18_36_1  built (2s, peak 1608 MB)
[211/506] Jacobian.BranchC.Descent2R.L1.Red_18_36  built (2s, peak 1570 MB)
[212/506] Jacobian.BranchC.Descent2R.L1.C_19_38_1  built (2s, peak 1567 MB)
[213/506] Jacobian.BranchC.Descent2R.L1.Red_19_38  built (2s, peak 1564 MB)
[214/506] Jacobian.BranchC.Descent2R.L1.P_a_0_2_1  built (9s, peak 2295 MB)
[215/506] Jacobian.BranchC.Descent2R.Vals_L1  built (6s, peak 1639 MB)
[216/506] Jacobian.BranchC.Descent2R.L1.P_Omega_1  built (8s, peak 2267 MB)
[217/506] Jacobian.BranchC.Descent2R.L1.P_a_1_4_1  built (9s, peak 2294 MB)
[218/506] Jacobian.BranchC.Descent2R.L1.P_a_2_6_1  built (8s, peak 2295 MB)
[219/506] Jacobian.BranchC.Descent2R.L1.P_a_3_8_1  built (8s, peak 2295 MB)
[220/506] Jacobian.BranchC.Descent2R.L1.P_a_4_10_1  built (9s, peak 2295 MB)
[221/506] Jacobian.BranchC.Descent2R.L1.P_a_5_12_1  built (9s, peak 2295 MB)
[222/506] Jacobian.BranchC.Descent2R.L1.P_a_6_14_1  built (9s, peak 2264 MB)
[223/506] Jacobian.BranchC.Descent2R.L1.P_b_0_1_1  built (2s, peak 1559 MB)
[224/506] Jacobian.BranchC.Descent2R.L1.P_b_11_23_1  built (10s, peak 1905 MB)
[225/506] Jacobian.BranchC.Descent2R.L1.P_b_1_3_1  built (11s, peak 2231 MB)
[226/506] Jacobian.BranchC.Descent2R.L1.P_b_2_5_1  built (9s, peak 2280 MB)
[227/506] Jacobian.BranchC.Descent2R.L1.P_b_3_7_1  built (9s, peak 2280 MB)
[228/506] Jacobian.BranchC.Descent2R.L1.P_b_4_9_1  built (9s, peak 2278 MB)
[229/506] Jacobian.BranchC.Descent2R.L1.P_b_5_11_1  built (8s, peak 2280 MB)
[230/506] Jacobian.BranchC.Descent2R.L1.P_b_6_13_1  built (9s, peak 2280 MB)
[231/506] Jacobian.BranchC.Descent2R.L1.P_b_7_15_1  built (9s, peak 2280 MB)
[232/506] Jacobian.BranchC.Descent2R.L1.P_b_8_17_1  built (8s, peak 2280 MB)
[233/506] Jacobian.BranchC.Descent2R.L1.P_b_9_19_1  built (8s, peak 2280 MB)
[234/506] Jacobian.BranchC.Descent2R.L1.Tgt  built (5s, peak 1628 MB)
[235/506] Jacobian.BranchC.Descent2R.L0.C_0_1_1  built (2s, peak 1564 MB)
[236/506] Jacobian.BranchC.Descent2R.L0.Red_0_1  built (2s, peak 1546 MB)
[237/506] Jacobian.BranchC.Descent2R.L0.C_1_3_1  built (10s, peak 2203 MB)
[238/506] Jacobian.BranchC.Descent2R.L0.Red_1_3  built (3s, peak 1609 MB)
[239/506] Jacobian.BranchC.Descent2R.L0.C_2_5_1  built (14s, peak 2479 MB)
[240/506] Jacobian.BranchC.Descent2R.L0.Red_2_5  built (3s, peak 1617 MB)
[241/506] Jacobian.BranchC.Descent2R.L0.C_3_7_1  built (19s, peak 2762 MB)
[242/506] Jacobian.BranchC.Descent2R.L0.Red_3_7  built (3s, peak 1617 MB)
[243/506] Jacobian.BranchC.Descent2R.L0.C_4_9_1  built (24s, peak 3036 MB)
[244/506] Jacobian.BranchC.Descent2R.L0.Red_4_9  built (3s, peak 1627 MB)
[245/506] Jacobian.BranchC.Descent2R.L0.C_5_11_1  built (30s, peak 3335 MB)
[246/506] Jacobian.BranchC.Descent2R.L0.Red_5_11  built (4s, peak 1631 MB)
[247/506] Jacobian.BranchC.Descent2R.L0.C_6_13_1  built (35s, peak 3579 MB)
[248/506] Jacobian.BranchC.Descent2R.L0.Red_6_13  built (3s, peak 1635 MB)
[249/506] Jacobian.BranchC.Descent2R.L0.C_7_15_1  built (39s, peak 3723 MB)
[250/506] Jacobian.BranchC.Descent2R.L0.C_7_15_2  built (5s, peak 1792 MB)
[251/506] Jacobian.BranchC.Descent2R.L0.Red_7_15  built (4s, peak 1664 MB)
[252/506] Jacobian.BranchC.Descent2R.L0.C_8_17_1  built (39s, peak 3726 MB)
[253/506] Jacobian.BranchC.Descent2R.L0.C_8_17_2  built (5s, peak 1828 MB)
[254/506] Jacobian.BranchC.Descent2R.L0.Red_8_17  built (4s, peak 1670 MB)
[255/506] Jacobian.BranchC.Descent2R.L0.C_9_19_1  built (41s, peak 3711 MB)
[256/506] Jacobian.BranchC.Descent2R.L0.C_9_19_2  built (6s, peak 1829 MB)
[257/506] Jacobian.BranchC.Descent2R.L0.Red_9_19  built (4s, peak 1669 MB)
[258/506] Jacobian.BranchC.Descent2R.L0.C_10_21_1  built (37s, peak 3548 MB)
[259/506] Jacobian.BranchC.Descent2R.L0.Red_10_21  built (4s, peak 1645 MB)
[260/506] Jacobian.BranchC.Descent2R.L0.C_11_23_1  built (31s, peak 3302 MB)
[261/506] Jacobian.BranchC.Descent2R.L0.Red_11_23  built (4s, peak 1645 MB)
[262/506] Jacobian.BranchC.Descent2R.L0.C_12_25_1  built (22s, peak 3025 MB)
[263/506] Jacobian.BranchC.Descent2R.L0.Red_12_25  built (3s, peak 1635 MB)
[264/506] Jacobian.BranchC.Descent2R.L0.C_13_27_1  built (17s, peak 2746 MB)
[265/506] Jacobian.BranchC.Descent2R.L0.Red_13_27  built (3s, peak 1629 MB)
[266/506] Jacobian.BranchC.Descent2R.L0.C_14_29_1  built (12s, peak 2468 MB)
[267/506] Jacobian.BranchC.Descent2R.L0.Red_14_29  built (3s, peak 1626 MB)
[268/506] Jacobian.BranchC.Descent2R.L0.C_15_31_1  built (8s, peak 2077 MB)
[269/506] Jacobian.BranchC.Descent2R.L0.Red_15_31  built (3s, peak 1620 MB)
[270/506] Jacobian.BranchC.Descent2R.L0.C_16_33_1  built (5s, peak 1791 MB)
[271/506] Jacobian.BranchC.Descent2R.L0.Red_16_33  built (3s, peak 1604 MB)
[272/506] Jacobian.BranchC.Descent2R.L0.C_17_35_1  built (3s, peak 1654 MB)
[273/506] Jacobian.BranchC.Descent2R.L0.Red_17_35  built (2s, peak 1577 MB)
[274/506] Jacobian.BranchC.Descent2R.L0.C_18_37_1  built (2s, peak 1581 MB)
[275/506] Jacobian.BranchC.Descent2R.L0.Red_18_37  built (2s, peak 1551 MB)
[276/506] Jacobian.BranchC.Descent2R.L0.P_a_0_3_1  built (13s, peak 2686 MB)
[277/506] Jacobian.BranchC.Descent2R.Vals_L0  built (15s, peak 1680 MB)
[278/506] Jacobian.BranchC.Descent2R.L0.P_Psi_1  built (14s, peak 2708 MB)
[279/506] Jacobian.BranchC.Descent2R.L0.P_a_1_5_1  built (13s, peak 2688 MB)
[280/506] Jacobian.BranchC.Descent2R.L0.P_a_2_7_1  built (13s, peak 2688 MB)
[281/506] Jacobian.BranchC.Descent2R.L0.P_a_3_9_1  built (13s, peak 2690 MB)
[282/506] Jacobian.BranchC.Descent2R.L0.P_a_4_11_1  built (13s, peak 2688 MB)
[283/506] Jacobian.BranchC.Descent2R.L0.P_a_5_13_1  built (13s, peak 2688 MB)
[284/506] Jacobian.BranchC.Descent2R.L0.P_b_0_2_1  built (2s, peak 1545 MB)
[285/506] Jacobian.BranchC.Descent2R.L0.P_b_10_22_1  built (13s, peak 2687 MB)
[286/506] Jacobian.BranchC.Descent2R.L0.P_b_1_4_1  built (13s, peak 2688 MB)
[287/506] Jacobian.BranchC.Descent2R.L0.P_b_2_6_1  built (13s, peak 2688 MB)
[288/506] Jacobian.BranchC.Descent2R.L0.P_b_3_8_1  built (13s, peak 2688 MB)
[289/506] Jacobian.BranchC.Descent2R.L0.P_b_4_10_1  built (13s, peak 2690 MB)
[290/506] Jacobian.BranchC.Descent2R.L0.P_b_5_12_1  built (14s, peak 2690 MB)
[291/506] Jacobian.BranchC.Descent2R.L0.P_b_6_14_1  built (13s, peak 2690 MB)
[292/506] Jacobian.BranchC.Descent2R.L0.P_b_7_16_1  built (13s, peak 2690 MB)
[293/506] Jacobian.BranchC.Descent2R.L0.P_b_8_18_1  built (13s, peak 2690 MB)
[294/506] Jacobian.BranchC.Descent2R.L0.P_b_9_20_1  built (13s, peak 2690 MB)
[295/506] Jacobian.BranchC.Descent2R.L0.Tgt  built (8s, peak 1653 MB)
[296/506] Jacobian.BranchC.Descent2R.Lm1.C_0_2_1  built (12s, peak 2274 MB)
[297/506] Jacobian.BranchC.Descent2R.Lm1.Red_0_2  built (3s, peak 1634 MB)
[298/506] Jacobian.BranchC.Descent2R.Lm1.C_1_4_1  built (34s, peak 3721 MB)
[299/506] Jacobian.BranchC.Descent2R.Lm1.Red_1_4  built (5s, peak 1669 MB)
[300/506] Jacobian.BranchC.Descent2R.Lm1.C_2_6_1  built (43s, peak 4274 MB)
[301/506] Jacobian.BranchC.Descent2R.Lm1.C_2_6_2  built (15s, peak 2623 MB)
[302/506] Jacobian.BranchC.Descent2R.Lm1.Red_2_6  built (6s, peak 1713 MB)
[303/506] Jacobian.BranchC.Descent2R.Lm1.C_3_8_1  built (43s, peak 4280 MB)
[304/506] Jacobian.BranchC.Descent2R.Lm1.C_3_8_2  built (36s, peak 3840 MB)
[305/506] Jacobian.BranchC.Descent2R.Lm1.Red_3_8  built (6s, peak 1720 MB)
[306/506] Jacobian.BranchC.Descent2R.Lm1.C_4_10_1  built (43s, peak 4280 MB)
[307/506] Jacobian.BranchC.Descent2R.Lm1.C_4_10_2  built (44s, peak 4312 MB)
[308/506] Jacobian.BranchC.Descent2R.Lm1.C_4_10_3  built (18s, peak 2747 MB)
[309/506] Jacobian.BranchC.Descent2R.Lm1.Red_4_10  built (6s, peak 1769 MB)
[310/506] Jacobian.BranchC.Descent2R.Lm1.C_5_12_1  built (44s, peak 4280 MB)
[311/506] Jacobian.BranchC.Descent2R.Lm1.C_5_12_2  built (44s, peak 4314 MB)
[312/506] Jacobian.BranchC.Descent2R.Lm1.C_5_12_3  built (36s, peak 3911 MB)
[313/506] Jacobian.BranchC.Descent2R.Lm1.Red_5_12  built (6s, peak 1776 MB)
[314/506] Jacobian.BranchC.Descent2R.Lm1.C_6_14_1  built (43s, peak 4282 MB)
[315/506] Jacobian.BranchC.Descent2R.Lm1.C_6_14_2  built (49s, peak 4315 MB)
[316/506] Jacobian.BranchC.Descent2R.Lm1.C_6_14_3  built (36s, peak 4076 MB)
[317/506] Jacobian.BranchC.Descent2R.Lm1.C_6_14_4  built (21s, peak 2871 MB)
[318/506] Jacobian.BranchC.Descent2R.Lm1.Red_6_14  built (7s, peak 1831 MB)
[319/506] Jacobian.BranchC.Descent2R.Lm1.C_7_16_1  built (49s, peak 4280 MB)
[320/506] Jacobian.BranchC.Descent2R.Lm1.C_7_16_2  built (44s, peak 4316 MB)
[321/506] Jacobian.BranchC.Descent2R.Lm1.C_7_16_3  built (37s, peak 4076 MB)
[322/506] Jacobian.BranchC.Descent2R.Lm1.C_7_16_4  built (26s, peak 3301 MB)
[323/506] Jacobian.BranchC.Descent2R.Lm1.Red_7_16  built (8s, peak 1834 MB)
[324/506] Jacobian.BranchC.Descent2R.Lm1.C_8_18_1  built (44s, peak 4225 MB)
[325/506] Jacobian.BranchC.Descent2R.Lm1.C_8_18_2  built (44s, peak 4320 MB)
[326/506] Jacobian.BranchC.Descent2R.Lm1.C_8_18_3  built (37s, peak 4075 MB)
[327/506] Jacobian.BranchC.Descent2R.Lm1.C_8_18_4  built (25s, peak 3388 MB)
[328/506] Jacobian.BranchC.Descent2R.Lm1.Red_8_18  built (8s, peak 1836 MB)
[329/506] Jacobian.BranchC.Descent2R.Lm1.C_9_20_1  built (44s, peak 4294 MB)
[330/506] Jacobian.BranchC.Descent2R.Lm1.C_9_20_2  built (46s, peak 4318 MB)
[331/506] Jacobian.BranchC.Descent2R.Lm1.C_9_20_3  built (37s, peak 4077 MB)
[332/506] Jacobian.BranchC.Descent2R.Lm1.C_9_20_4  built (26s, peak 3388 MB)
[333/506] Jacobian.BranchC.Descent2R.Lm1.Red_9_20  built (8s, peak 1836 MB)
[334/506] Jacobian.BranchC.Descent2R.Lm1.C_10_22_1  built (39s, peak 4188 MB)
[335/506] Jacobian.BranchC.Descent2R.Lm1.C_10_22_2  built (40s, peak 4147 MB)
[336/506] Jacobian.BranchC.Descent2R.Lm1.C_10_22_3  built (42s, peak 4202 MB)
[337/506] Jacobian.BranchC.Descent2R.Lm1.C_10_22_4  built (17s, peak 2742 MB)
[338/506] Jacobian.BranchC.Descent2R.Lm1.Red_10_22  built (7s, peak 1836 MB)
[339/506] Jacobian.BranchC.Descent2R.Lm1.C_11_24_1  built (40s, peak 3966 MB)
[340/506] Jacobian.BranchC.Descent2R.Lm1.C_11_24_2  built (44s, peak 3876 MB)
[341/506] Jacobian.BranchC.Descent2R.Lm1.C_11_24_3  built (37s, peak 3573 MB)
[342/506] Jacobian.BranchC.Descent2R.Lm1.Red_11_24  built (9s, peak 1793 MB)
[343/506] Jacobian.BranchC.Descent2R.Lm1.C_12_26_1  built (40s, peak 3419 MB)
[344/506] Jacobian.BranchC.Descent2R.Lm1.C_12_26_2  built (47s, peak 3296 MB)
[345/506] Jacobian.BranchC.Descent2R.Lm1.C_12_26_3  built (20s, peak 2748 MB)
[346/506] Jacobian.BranchC.Descent2R.Lm1.Red_12_26  built (6s, peak 1790 MB)
[347/506] Jacobian.BranchC.Descent2R.Lm1.C_13_28_1  built (39s, peak 4196 MB)
[348/506] Jacobian.BranchC.Descent2R.Lm1.C_13_28_2  built (31s, peak 3719 MB)
[349/506] Jacobian.BranchC.Descent2R.Lm1.Red_13_28  built (6s, peak 1742 MB)
[350/506] Jacobian.BranchC.Descent2R.Lm1.C_14_30_1  built (40s, peak 4302 MB)
[351/506] Jacobian.BranchC.Descent2R.Lm1.C_14_30_2  built (11s, peak 2282 MB)
[352/506] Jacobian.BranchC.Descent2R.Lm1.Red_14_30  built (6s, peak 1734 MB)
[353/506] Jacobian.BranchC.Descent2R.Lm1.C_15_32_1  built (24s, peak 3341 MB)
[354/506] Jacobian.BranchC.Descent2R.Lm1.Red_15_32  built (7s, peak 1687 MB)
[355/506] Jacobian.BranchC.Descent2R.Lm1.C_16_34_1  built (17s, peak 2552 MB)
[356/506] Jacobian.BranchC.Descent2R.Lm1.Red_16_34  built (5s, peak 1680 MB)
[357/506] Jacobian.BranchC.Descent2R.Lm1.C_17_36_1  built (8s, peak 1988 MB)
[358/506] Jacobian.BranchC.Descent2R.Lm1.Red_17_36  built (4s, peak 1639 MB)
[359/506] Jacobian.BranchC.Descent2R.Lm1.C_18_38_1  built (3s, peak 1634 MB)
[360/506] Jacobian.BranchC.Descent2R.Lm1.Red_18_38  built (2s, peak 1575 MB)
[361/506] Jacobian.BranchC.Descent2R.Lm1.P_a_0_4_1  built (25s, peak 3215 MB)
[362/506] Jacobian.BranchC.Descent2R.Lm1.P_a_0_4_2  built (14s, peak 2312 MB)
[363/506] Jacobian.BranchC.Descent2R.Vals_Lm1  built (54s, peak 1788 MB)
[364/506] Jacobian.BranchC.Descent2R.Lm1.P_Phi1_1  built (26s, peak 3226 MB)
[365/506] Jacobian.BranchC.Descent2R.Lm1.P_Phi1_2  built (14s, peak 2349 MB)
[366/506] Jacobian.BranchC.Descent2R.Lm1.P_Phi2_1  built (26s, peak 3226 MB)
[367/506] Jacobian.BranchC.Descent2R.Lm1.P_Phi2_2  built (15s, peak 2351 MB)
[368/506] Jacobian.BranchC.Descent2R.Lm1.P_a_1_6_1  built (25s, peak 3217 MB)
[369/506] Jacobian.BranchC.Descent2R.Lm1.P_a_1_6_2  built (15s, peak 2312 MB)
[370/506] Jacobian.BranchC.Descent2R.Lm1.P_a_2_8_1  built (25s, peak 3217 MB)
[371/506] Jacobian.BranchC.Descent2R.Lm1.P_a_2_8_2  built (15s, peak 2305 MB)
[372/506] Jacobian.BranchC.Descent2R.Lm1.P_a_3_10_1  built (25s, peak 3217 MB)
[373/506] Jacobian.BranchC.Descent2R.Lm1.P_a_3_10_2  built (15s, peak 2305 MB)
[374/506] Jacobian.BranchC.Descent2R.Lm1.P_a_4_12_1  built (25s, peak 3220 MB)
[375/506] Jacobian.BranchC.Descent2R.Lm1.P_a_4_12_2  built (15s, peak 2305 MB)
[376/506] Jacobian.BranchC.Descent2R.Lm1.P_b_0_3_1  built (4s, peak 1619 MB)
[377/506] Jacobian.BranchC.Descent2R.Lm1.P_b_1_5_1  built (26s, peak 3213 MB)
[378/506] Jacobian.BranchC.Descent2R.Lm1.P_b_1_5_2  built (15s, peak 2312 MB)
[379/506] Jacobian.BranchC.Descent2R.Lm1.P_b_2_7_1  built (25s, peak 3214 MB)
[380/506] Jacobian.BranchC.Descent2R.Lm1.P_b_2_7_2  built (15s, peak 2312 MB)
[381/506] Jacobian.BranchC.Descent2R.Lm1.P_b_3_9_1  built (25s, peak 3049 MB)
[382/506] Jacobian.BranchC.Descent2R.Lm1.P_b_3_9_2  built (15s, peak 2311 MB)
[383/506] Jacobian.BranchC.Descent2R.Lm1.P_b_4_11_1  built (26s, peak 3088 MB)
[384/506] Jacobian.BranchC.Descent2R.Lm1.P_b_4_11_2  built (15s, peak 2307 MB)
[385/506] Jacobian.BranchC.Descent2R.Lm1.P_b_5_13_1  built (36s, peak 2703 MB)
[386/506] Jacobian.BranchC.Descent2R.Lm1.P_b_5_13_2  built (25s, peak 2299 MB)
[387/506] Jacobian.BranchC.Descent2R.Lm1.P_b_6_15_1  built (29s, peak 2877 MB)
[388/506] Jacobian.BranchC.Descent2R.Lm1.P_b_6_15_2  built (17s, peak 2307 MB)
[389/506] Jacobian.BranchC.Descent2R.Lm1.P_b_7_17_1  built (27s, peak 2617 MB)
[390/506] Jacobian.BranchC.Descent2R.Lm1.P_b_7_17_2  built (15s, peak 2310 MB)
[391/506] Jacobian.BranchC.Descent2R.Lm1.P_b_8_19_1  built (25s, peak 2538 MB)
[392/506] Jacobian.BranchC.Descent2R.Lm1.P_b_8_19_2  built (16s, peak 2293 MB)
[393/506] Jacobian.BranchC.Descent2R.Lm1.P_b_9_21_1  built (34s, peak 2329 MB)
[394/506] Jacobian.BranchC.Descent2R.Lm1.P_b_9_21_2  built (25s, peak 2042 MB)
[395/506] Jacobian.BranchC.Descent2R.Lm1.Tgt  built (42s, peak 1819 MB)
[396/506] Jacobian.BranchC.Descent2R.Lm2.C_0_3_1  built (72s, peak 2885 MB)
[397/506] Jacobian.BranchC.Descent2R.Lm2.Red_0_3  built (10s, peak 1745 MB)
[398/506] Jacobian.BranchC.Descent2R.Lm2.C_1_5_1  built (80s, peak 5570 MB)
[399/506] Jacobian.BranchC.Descent2R.Lm2.C_1_5_2  built (42s, peak 4095 MB)
[400/506] Jacobian.BranchC.Descent2R.Lm2.Red_1_5  built (12s, peak 1814 MB)
[401/506] Jacobian.BranchC.Descent2R.Lm2.C_2_7_1  built (78s, peak 5529 MB)
[402/506] Jacobian.BranchC.Descent2R.Lm2.C_2_7_2  built (48s, peak 5136 MB)
[403/506] Jacobian.BranchC.Descent2R.Lm2.C_2_7_3  built (76s, peak 5543 MB)
[404/506] Jacobian.BranchC.Descent2R.Lm2.C_2_7_4  built (13s, peak 2381 MB)
[405/506] Jacobian.BranchC.Descent2R.Lm2.Red_2_7  built (13s, peak 1931 MB)
[406/506] Jacobian.BranchC.Descent2R.Lm2.C_3_9_1  built (79s, peak 5479 MB)
[407/506] Jacobian.BranchC.Descent2R.Lm2.C_3_9_2  built (48s, peak 5140 MB)
[408/506] Jacobian.BranchC.Descent2R.Lm2.C_3_9_3  built (76s, peak 5445 MB)
[409/506] Jacobian.BranchC.Descent2R.Lm2.C_3_9_4  built (77s, peak 5390 MB)
[410/506] Jacobian.BranchC.Descent2R.Lm2.C_3_9_5  built (13s, peak 2379 MB)
[411/506] Jacobian.BranchC.Descent2R.Lm2.Red_3_9  built (15s, peak 1999 MB)
[412/506] Jacobian.BranchC.Descent2R.Lm2.C_4_11_1  built (79s, peak 5420 MB)
[413/506] Jacobian.BranchC.Descent2R.Lm2.C_4_11_2  built (48s, peak 5138 MB)
[414/506] Jacobian.BranchC.Descent2R.Lm2.C_4_11_3  built (64s, peak 5517 MB)
[415/506] Jacobian.BranchC.Descent2R.Lm2.C_4_11_4  built (70s, peak 5540 MB)
[416/506] Jacobian.BranchC.Descent2R.Lm2.C_4_11_5  built (75s, peak 5583 MB)
[417/506] Jacobian.BranchC.Descent2R.Lm2.C_4_11_6  built (44s, peak 4289 MB)
[418/506] Jacobian.BranchC.Descent2R.Lm2.Red_4_11  built (15s, peak 2090 MB)
[419/506] Jacobian.BranchC.Descent2R.Lm2.C_5_13_1  built (78s, peak 5420 MB)
[420/506] Jacobian.BranchC.Descent2R.Lm2.C_5_13_2  built (46s, peak 5143 MB)
[421/506] Jacobian.BranchC.Descent2R.Lm2.C_5_13_3  built (64s, peak 5489 MB)
[422/506] Jacobian.BranchC.Descent2R.Lm2.C_5_13_4  built (75s, peak 5546 MB)
[423/506] Jacobian.BranchC.Descent2R.Lm2.C_5_13_5  built (70s, peak 5503 MB)
[424/506] Jacobian.BranchC.Descent2R.Lm2.C_5_13_6  built (75s, peak 5570 MB)
[425/506] Jacobian.BranchC.Descent2R.Lm2.C_5_13_7  built (41s, peak 4262 MB)
[426/506] Jacobian.BranchC.Descent2R.Lm2.Red_5_13  built (16s, peak 2161 MB)
[427/506] Jacobian.BranchC.Descent2R.Lm2.C_6_15_1  built (78s, peak 5571 MB)
[428/506] Jacobian.BranchC.Descent2R.Lm2.C_6_15_2  built (47s, peak 5138 MB)
[429/506] Jacobian.BranchC.Descent2R.Lm2.C_6_15_3  built (64s, peak 5507 MB)
[430/506] Jacobian.BranchC.Descent2R.Lm2.C_6_15_4  built (70s, peak 5562 MB)
[431/506] Jacobian.BranchC.Descent2R.Lm2.C_6_15_5  built (75s, peak 5502 MB)
[432/506] Jacobian.BranchC.Descent2R.Lm2.C_6_15_6  built (79s, peak 5569 MB)
[433/506] Jacobian.BranchC.Descent2R.Lm2.C_6_15_7  built (48s, peak 5144 MB)
[434/506] Jacobian.BranchC.Descent2R.Lm2.C_6_15_8  built (37s, peak 3976 MB)
[435/506] Jacobian.BranchC.Descent2R.Lm2.Red_6_15  built (17s, peak 2227 MB)
[436/506] Jacobian.BranchC.Descent2R.Lm2.C_7_17_1  built (78s, peak 5491 MB)
[437/506] Jacobian.BranchC.Descent2R.Lm2.C_7_17_2  built (47s, peak 5142 MB)
[438/506] Jacobian.BranchC.Descent2R.Lm2.C_7_17_3  built (64s, peak 5494 MB)
[439/506] Jacobian.BranchC.Descent2R.Lm2.C_7_17_4  built (67s, peak 5540 MB)
[440/506] Jacobian.BranchC.Descent2R.Lm2.C_7_17_5  built (74s, peak 5551 MB)
[441/506] Jacobian.BranchC.Descent2R.Lm2.C_7_17_6  built (75s, peak 5588 MB)
[442/506] Jacobian.BranchC.Descent2R.Lm2.C_7_17_7  built (53s, peak 5050 MB)
[443/506] Jacobian.BranchC.Descent2R.Lm2.C_7_17_8  built (38s, peak 4145 MB)
[444/506] Jacobian.BranchC.Descent2R.Lm2.Red_7_17  built (17s, peak 2238 MB)
[445/506] Jacobian.BranchC.Descent2R.Lm2.C_8_19_1  built (79s, peak 5517 MB)
[446/506] Jacobian.BranchC.Descent2R.Lm2.C_8_19_2  built (47s, peak 5143 MB)
[447/506] Jacobian.BranchC.Descent2R.Lm2.C_8_19_3  built (64s, peak 5475 MB)
[448/506] Jacobian.BranchC.Descent2R.Lm2.C_8_19_4  built (69s, peak 5571 MB)
[449/506] Jacobian.BranchC.Descent2R.Lm2.C_8_19_5  built (75s, peak 5464 MB)
[450/506] Jacobian.BranchC.Descent2R.Lm2.C_8_19_6  built (77s, peak 5609 MB)
[451/506] Jacobian.BranchC.Descent2R.Lm2.C_8_19_7  built (47s, peak 5152 MB)
[452/506] Jacobian.BranchC.Descent2R.Lm2.C_8_19_8  built (40s, peak 4356 MB)
[453/506] Jacobian.BranchC.Descent2R.Lm2.Red_8_19  built (17s, peak 2238 MB)
[454/506] Jacobian.BranchC.Descent2R.Lm2.C_9_21_1  built (74s, peak 5512 MB)
[455/506] Jacobian.BranchC.Descent2R.Lm2.C_9_21_2  built (77s, peak 5556 MB)
[456/506] Jacobian.BranchC.Descent2R.Lm2.C_9_21_3  built (46s, peak 5143 MB)
[457/506] Jacobian.BranchC.Descent2R.Lm2.C_9_21_4  built (64s, peak 5524 MB)
[458/506] Jacobian.BranchC.Descent2R.Lm2.C_9_21_5  built (68s, peak 5534 MB)
[459/506] Jacobian.BranchC.Descent2R.Lm2.C_9_21_6  built (73s, peak 5552 MB)
[460/506] Jacobian.BranchC.Descent2R.Lm2.C_9_21_7  built (56s, peak 5232 MB)
[461/506] Jacobian.BranchC.Descent2R.Lm2.C_9_21_8  built (31s, peak 3330 MB)
[462/506] Jacobian.BranchC.Descent2R.Lm2.Red_9_21  built (17s, peak 2236 MB)
[463/506] Jacobian.BranchC.Descent2R.Lm2.C_10_23_1  built (61s, peak 5442 MB)
[464/506] Jacobian.BranchC.Descent2R.Lm2.C_10_23_2  built (63s, peak 5519 MB)
[465/506] Jacobian.BranchC.Descent2R.Lm2.C_10_23_3  built (68s, peak 5475 MB)
[466/506] Jacobian.BranchC.Descent2R.Lm2.C_10_23_4  built (75s, peak 5542 MB)
[467/506] Jacobian.BranchC.Descent2R.Lm2.C_10_23_5  built (78s, peak 5546 MB)
[468/506] Jacobian.BranchC.Descent2R.Lm2.C_10_23_6  built (47s, peak 5155 MB)
[469/506] Jacobian.BranchC.Descent2R.Lm2.C_10_23_7  built (40s, peak 4357 MB)
[470/506] Jacobian.BranchC.Descent2R.Lm2.Red_10_23  built (16s, peak 2175 MB)
[471/506] Jacobian.BranchC.Descent2R.Lm2.C_11_25_1  built (74s, peak 5559 MB)
[472/506] Jacobian.BranchC.Descent2R.Lm2.C_11_25_2  built (66s, peak 5526 MB)
[473/506] Jacobian.BranchC.Descent2R.Lm2.C_11_25_3  built (70s, peak 5514 MB)
[474/506] Jacobian.BranchC.Descent2R.Lm2.C_11_25_4  built (75s, peak 5573 MB)
[475/506] Jacobian.BranchC.Descent2R.Lm2.C_11_25_5  built (53s, peak 5047 MB)
[476/506] Jacobian.BranchC.Descent2R.Lm2.C_11_25_6  built (39s, peak 4212 MB)
[477/506] Jacobian.BranchC.Descent2R.Lm2.Red_11_25  built (15s, peak 2107 MB)
[478/506] Jacobian.BranchC.Descent2R.Lm2.C_12_27_1  built (71s, peak 5586 MB)
[479/506] Jacobian.BranchC.Descent2R.Lm2.C_12_27_2  built (64s, peak 5507 MB)
[480/506] Jacobian.BranchC.Descent2R.Lm2.C_12_27_3  built (68s, peak 5516 MB)
[481/506] Jacobian.BranchC.Descent2R.Lm2.C_12_27_4  built (56s, peak 5229 MB)
[482/506] Jacobian.BranchC.Descent2R.Lm2.C_12_27_5  built (28s, peak 3328 MB)
[483/506] Jacobian.BranchC.Descent2R.Lm2.Red_12_27  built (14s, peak 2040 MB)
[484/506] Jacobian.BranchC.Descent2R.Lm2.C_13_29_1  built (70s, peak 5589 MB)
[485/506] Jacobian.BranchC.Descent2R.Lm2.C_13_29_2  built (63s, peak 5458 MB)
[486/506] Jacobian.BranchC.Descent2R.Lm2.C_13_29_3  built (48s, peak 4823 MB)
[487/506] Jacobian.BranchC.Descent2R.Lm2.C_13_29_4  built (23s, peak 2978 MB)
[488/506] Jacobian.BranchC.Descent2R.Lm2.Red_13_29  built (13s, peak 1954 MB)
[489/506] Jacobian.BranchC.Descent2R.Lm2.C_14_31_1  built (69s, peak 5402 MB)
[490/506] Jacobian.BranchC.Descent2R.Lm2.C_14_31_2  built (40s, peak 4348 MB)
[491/506] Jacobian.BranchC.Descent2R.Lm2.Red_14_31  built (12s, peak 1825 MB)
[492/506] Jacobian.BranchC.Descent2R.Lm2.C_15_33_1  built (54s, peak 5106 MB)
[493/506] Jacobian.BranchC.Descent2R.Lm2.C_15_33_2  built (18s, peak 2554 MB)
[494/506] Jacobian.BranchC.Descent2R.Lm2.Red_15_33  built (11s, peak 1811 MB)
[495/506] Jacobian.BranchC.Descent2R.Lm2.C_16_35_1  built (34s, peak 3725 MB)
[496/506] Jacobian.BranchC.Descent2R.Lm2.Red_16_35  built (9s, peak 1729 MB)
[497/506] Jacobian.BranchC.Descent2R.Lm2.C_17_37_1  built (13s, peak 2395 MB)
[498/506] Jacobian.BranchC.Descent2R.Lm2.Red_17_37  built (5s, peak 1674 MB)
[499/506] Jacobian.BranchC.Descent2R.Lm2.P_Theta1_1  built (41s, peak 3742 MB)
[500/506] Jacobian.BranchC.Descent2R.Lm2.P_Theta1_2  built (38s, peak 3485 MB)
[501/506] Jacobian.BranchC.Descent2R.Lm2.P_Theta2_1  built (41s, peak 3745 MB)
[502/506] Jacobian.BranchC.Descent2R.Lm2.P_Theta2_2  built (38s, peak 3487 MB)
[503/506] Jacobian.BranchC.Descent2R.Lm2.P_Theta3_1  built (43s, peak 3747 MB)
[504/506] Jacobian.BranchC.Descent2R.Lm2.P_Theta3_2  built (39s, peak 3485 MB)
[505/506] Jacobian.BranchC.Descent2R.Lm2.Tgt  built (37s, peak 1904 MB)
