# controls.sh (v17), run 2026-09-27 with CONTROLS_JOBS=1 in the project copy described in chartproof_build.log
# (lake env lean on each control file; Lean v4.34.0, Mathlib v4.34.0).
# A REJECT counts only if Lean reports the expected error: for the four ChartProof perturbations the
# pattern is "Tactic `decide` proved that the proposition" (Lean's message continues "... is false");
# for the others any Lean error line; an out-of-memory kill or a failed import would be a FAIL.

PASS  [ACCEPT] unmodified E3 pivot lemma x_a_1_2
PASS  [REJECT] E3 pivot: claimed value numerator 3245258271023 -> 3245258271024
      first error: neg_E3_value.lean:43:1667: error: unsolved goals
PASS  [REJECT] E4 lemma: top-layer value a_3_4 numerator 315 -> 316
      first error: neg_E4_top.lean:62:536: error: unsolved goals
PASS  [REJECT] E2 condition F0: left-null multiplier numerator 8844430125958069090061985380926329853054147 -> 8844430125958069090061985380926329853054148
      first error: neg_E2_mult.lean:40:5546: error: unsolved goals
PASS  [REJECT] span t1^5: G multiplier numerator 1873664533377871392803511625841693628972478180161606141284534305935993798831868100103368210856133852304718754193549065169031611167874817870746219767348389513491618602075562794344045370156312353893309635575980920003337912772990253534729956291583991910598839502111 -> 1873664533377871392803511625841693628972478180161606141284534305935993798831868100103368210856133852304718754193549065169031611167874817870746219767348389513491618602075562794344045370156312353893309635575980920003337912772990253534729956291583991910598839502112
      first error: neg_span_mult.lean:28:23: error: unsolved goals
PASS  [SORRY] E4 lemma z_a_2_3 with its certificate replaced by sorry
PASS  [ACCEPT] unmodified chart reduction module BranchAbChart
PASS  [REJECT] ChartClassification: chart point P_1 constant numerator 512502980 -> 512502981
      first error: neg_chart_point.lean:334:54: error: Tactic `rewrite` failed: Did not find an occurrence of the pattern
PASS  [ACCEPT] unmodified ChartProof Stage3 (orbit relations -> K5 point)
PASS  [REJECT] ChartProof Stage3 step_m (Sylvester resultant): certificate integer -29591739972849600 -> -29591739972849599
      first error: neg_cp_resultant.lean:147:499: error: Tactic `decide` proved that the proposition
PASS  [REJECT] ChartProof Stage1 step_F5 (power-series recursion): certificate integer 640 -> 641
      first error: neg_cp_recursion.lean:107:363: error: Tactic `decide` proved that the proposition
PASS  [REJECT] ChartProof Stage2 g4 batch 0 (y7^3 g4 in (S11..S16)): cofactor integer -1059763 -> -1059762
      first error: neg_cp_orbit_g4.lean:47:9135: error: Tactic `decide` proved that the proposition
PASS  [REJECT] ChartProof Stage4 fact A7 (a7 = P7(w)): polynomial integer ...957352960000 -> +1
      first error: neg_cp_point.lean:87:3854: error: Tactic `decide` proved that the proposition
PASS  [SORRY] ChartProof Stage4 step_B0 with its certificate replaced by sorry
controls passed: 14 / 14
=== ALL CONTROLS BEHAVED AS EXPECTED ===
EXIT 0 after 1115s
