✔ [8072/8200] Built Jacobian.Basic (4.9s)
✔ [8925/9016] Built Jacobian.Descent.E2.T0 (28s)
✔ [8926/9016] Built Jacobian.Descent.E2.F5 (51s)
✔ [8927/9016] Built Jacobian.Descent.Span.span_t1 (58s)
✔ [8928/9016] Built Jacobian.Descent.Span.span_t2 (58s)
✔ [8929/9016] Built Jacobian.Descent.E2.F4 (50s)
✔ [8930/9016] Built Jacobian.Descent.E2.F3 (49s)
✔ [8931/9016] Built Jacobian.Descent.E2.F2 (50s)
✔ [8932/9016] Built Jacobian.Descent.E2.F1 (51s)
✔ [8933/9016] Built Jacobian.Descent.E2red.r2_19_37 (12s)
✔ [8934/9016] Built Jacobian.Descent.E2red.r2_18_35 (14s)
✔ [8935/9016] Built Jacobian.Descent.E2.F6 (48s)
✔ [8936/9016] Built Jacobian.Descent.E2red.r2_17_33 (16s)
✔ [8937/9016] Built Jacobian.Descent.E2red.r2_16_31 (18s)
✔ [8938/9016] Built Jacobian.Descent.E2red.r2_15_29 (21s)
✔ [8939/9016] Built Jacobian.Descent.E2.F0 (53s)
✔ [8940/9016] Built Jacobian.Descent.E2red.r2_14_27 (23s)
✔ [8941/9016] Built Jacobian.Descent.E2red.r2_13_25 (24s)
✔ [8942/9016] Built Jacobian.Descent.E2red.r2_12_23 (29s)
✔ [8943/9016] Built Jacobian.Descent.E2red.r2_11_21 (30s)
✔ [8944/9016] Built Jacobian.Descent.E2red.r2_10_19 (34s)
✔ [8945/9016] Built Jacobian.Descent.E2red.r2_9_17 (33s)
✔ [8946/9016] Built Jacobian.Descent.E2red.r2_8_15 (33s)
✔ [8947/9016] Built Jacobian.Descent.E2red.r2_7_13 (28s)
✔ [8948/9016] Built Jacobian.Descent.E2red.r2_6_11 (27s)
✔ [8949/9016] Built Jacobian.Descent.E2red.r2_5_9 (22s)
✔ [8950/9016] Built Jacobian.Descent.E2red.r2_3_5 (18s)
✔ [8951/9016] Built Jacobian.Descent.E2red.r2_4_7 (22s)
✔ [8952/9016] Built Jacobian.Descent.E2red.r2_1_1 (12s)
✔ [8953/9016] Built Jacobian.Descent.E2red.r2_2_3 (14s)
✔ [8954/9016] Built Jacobian.Descent.E3.x_b_10_19 (53s)
✔ [8955/9016] Built Jacobian.Descent.E3.x_b_9_17 (53s)
✔ [8956/9016] Built Jacobian.Descent.E3.x_b_8_15 (52s)
✔ [8957/9016] Built Jacobian.Descent.E3.x_b_7_13 (53s)
✔ [8958/9016] Built Jacobian.Descent.E3.x_b_5_9 (57s)
✔ [8959/9016] Built Jacobian.Descent.E3.x_b_6_11 (58s)
✔ [8960/9016] Built Jacobian.Descent.E3.x_b_3_5 (56s)
✔ [8961/9016] Built Jacobian.Descent.E3.x_b_4_7 (57s)
✔ [8962/9016] Built Jacobian.Descent.E3.x_b_1_1 (17s)
✔ [8963/9016] Built Jacobian.Descent.E3.x_a_8_16 (37s)
✔ [8964/9016] Built Jacobian.Descent.E3.x_a_7_14 (38s)
✔ [8965/9016] Built Jacobian.Descent.E3.x_b_2_3 (60s)
✔ [8966/9016] Built Jacobian.Descent.E3.x_a_6_12 (53s)
✔ [8967/9016] Built Jacobian.Descent.E3.x_a_5_10 (51s)
✔ [8968/9016] Built Jacobian.Descent.E3.x_a_4_8 (52s)
✔ [8969/9016] Built Jacobian.Descent.E3red.r3_19_36 (10s)
✔ [8970/9016] Built Jacobian.Descent.E3.x_a_3_6 (53s)
✔ [8971/9016] Built Jacobian.Descent.E3red.r3_18_34 (10s)
✔ [8972/9016] Built Jacobian.Descent.E3.x_a_2_4 (53s)
✔ [8973/9016] Built Jacobian.Descent.E3red.r3_17_32 (11s)
✔ [8974/9016] Built Jacobian.Descent.E3red.r3_16_30 (11s)
✔ [8975/9016] Built Jacobian.Descent.E3red.r3_15_28 (12s)
✔ [8976/9016] Built Jacobian.Descent.E3red.r3_14_26 (13s)
✔ [8977/9016] Built Jacobian.Descent.E3red.r3_13_24 (14s)
✔ [8978/9016] Built Jacobian.Descent.E3.x_a_1_2 (55s)
✔ [8979/9016] Built Jacobian.Descent.E3red.r3_12_22 (13s)
✔ [8980/9016] Built Jacobian.Descent.E3red.r3_11_20 (13s)
✔ [8981/9016] Built Jacobian.Descent.E3red.r3_10_18 (14s)
✔ [8982/9016] Built Jacobian.Descent.E3red.r3_9_16 (14s)
✔ [8983/9016] Built Jacobian.Descent.E3red.r3_8_14 (13s)
✔ [8984/9016] Built Jacobian.Descent.E3red.r3_7_12 (14s)
✔ [8985/9016] Built Jacobian.Descent.E3red.r3_6_10 (13s)
✔ [8986/9016] Built Jacobian.Descent.E3red.r3_5_8 (12s)
✔ [8987/9016] Built Jacobian.Descent.E3red.r3_4_6 (11s)
✔ [8988/9016] Built Jacobian.Descent.E3red.r3_2_2 (8.4s)
✔ [8989/9016] Built Jacobian.Descent.E3red.r3_3_4 (10s)
✔ [8990/9016] Built Jacobian.Descent.E3red.r3_1_0 (9.0s)
✔ [8991/9016] Built Jacobian.Descent.E4.z_b_10_18 (36s)
✔ [8992/9016] Built Jacobian.Descent.E4.z_b_9_16 (35s)
✔ [8993/9016] Built Jacobian.Descent.E4.z_b_8_14 (35s)
✔ [8994/9016] Built Jacobian.Descent.E4.z_b_7_12 (35s)
✔ [8995/9016] Built Jacobian.Descent.E4.z_b_5_8 (35s)
✔ [8996/9016] Built Jacobian.Descent.E4.z_b_6_10 (36s)
✔ [8997/9016] Built Jacobian.Descent.E4.z_b_4_6 (36s)
✔ [8998/9016] Built Jacobian.Descent.E4.z_b_3_4 (37s)
✔ [8999/9016] Built Jacobian.Descent.E4.z_a_8_15 (13s)
✔ [9000/9016] Built Jacobian.Descent.E4.z_a_7_13 (13s)
✔ [9001/9016] Built Jacobian.Descent.E4.z_b_2_2 (34s)
✔ [9002/9016] Built Jacobian.Descent.E4.z_a_6_11 (36s)
✔ [9003/9016] Built Jacobian.Descent.E4.z_a_5_9 (35s)
✔ [9004/9016] Built Jacobian.Descent.E4.z_a_4_7 (35s)
✔ [9005/9016] Built Jacobian.BranchAbLayers (12s)
✔ [9006/9016] Built Jacobian.Descent.E4.z_a_3_5 (36s)
✔ [9007/9016] Built Jacobian.BranchAbRefereeChecks (8.9s)
✔ [9008/9016] Built Jacobian.BranchAbObstruction (8.1s)
✔ [9009/9016] Built Jacobian.BranchAbTorus (7.8s)
✔ [9010/9016] Built Jacobian.Descent.E4.z_a_2_3 (37s)
✔ [9011/9016] Built Jacobian.Descent.E4.z_a_1_1 (37s)
✔ [9012/9016] Built Jacobian.Descent.Main (14s)
✔ [9013/9016] Built Jacobian.BranchAbFinal (97s)
✔ [9014/9016] Built Jacobian.BranchAbSharp (76s)
✔ [9015/9016] Built Jacobian (6.2s)
Build completed successfully (9016 jobs).
