# 2026-10-05T18:57:47-05:00 python3 check_explicit_data.py (Singular 4.3.2, sympy 1.14.0)
PASS  r0: file == m5_b2_6_eliminate_basis.sing == Lean m5r0
PASS  r1: file == m5_b2_6_eliminate_basis.sing == Lean m5r1
PASS  r2: file == m5_b2_6_eliminate_basis.sing == Lean m5r2
PASS  r3: file == m5_b2_6_eliminate_basis.sing == Lean m5r3
PASS  the file lists G1..G10
PASS  G1..G10 == Singular std(S) element by element (dp, default options)
PASS  each G_i lies in (r0..r3)
PASS  (G1..G10) contains r0..r3, so the ideals are equal
PASS  vdim = 10
PASS  elimination ideal (r0..r3) cap Q[a4] == (T)
PASS  control (G10 coefficient 104013356 -> 104013357) is rejected
      reduced-basis elements linear in (a1,a2,a3): ['91*a2 - 72*a3*a4 + 21*a4**3', '416*a1 - 99*a2*a4 + 12*a3*a4**2', '-10*a1*a4 + a2*a4**2 + 182']
PASS  they are 3, with det = 30408*a4^3
PASS  T(0) = 95051008 != 0
PASS  back-substitution annihilates G1..G10 and r0..r3 modulo T
PASS  disc_u(9u^2 + 37200u + 95051008) = -2^8*3^5*181^2 = -2037996288
PASS  disc(T) = -2^72*3^33*5^10*13^20*181^10 (90 digits)
ALL CHECKS PASSED
exit 0
