'BranchC.degree19_rigidity' depends on axioms: [propext, Classical.choice, Quot.sound]
'BranchC.e2_t0_rigidity' depends on axioms: [propext, Classical.choice, Quot.sound]
'BranchC.t0_vertex_rigidity' depends on axioms: [propext, Classical.choice, Quot.sound]
'BranchC.e2Identity_of_jac' depends on axioms: [propext, Classical.choice, Quot.sound]
'BranchC.t0_vertex_rigidity_of_jac' depends on axioms: [propext, Classical.choice, Quot.sound]
'BranchC.degree19_bound_sharp' depends on axioms: [propext, Classical.choice, Quot.sound]
'BranchC.latticeNPc_card' depends on axioms: [propext, Classical.choice, Quot.sound]
'BranchC.latticeNQc_card' depends on axioms: [propext, Classical.choice, Quot.sound]
'BranchC.layers_of_jac_c' depends on axioms: [propext, Classical.choice, Quot.sound]
'BranchC.eIdent_two' depends on axioms: [propext, Classical.choice, Quot.sound]
'BranchC.eIdent_five' depends on axioms: [propext, Classical.choice, Quot.sound]
'BranchC.x19_identity_of_jac' depends on axioms: [propext, Classical.choice, Quot.sound]
'BranchC.edge19_rigidity' depends on axioms: [propext, Classical.choice, Quot.sound]
'BranchC.edge19_rigidity_of_jac' depends on axioms: [propext, Classical.choice, Quot.sound]
'BranchC.vertex_12_24_forces_t2' depends on axioms: [propext, Classical.choice, Quot.sound]
'BranchC.Omega.omega_disc_zero' depends on axioms: [propext, Classical.choice, Quot.sound]
'BranchC.Omega.omega_square' depends on axioms: [propext, Classical.choice, Quot.sound]
'BranchC.Omega.omega_eq_zero_iff' depends on axioms: [propext, Classical.choice, Quot.sound]
'BranchC.Omega.omega_mod101_square' depends on axioms: [propext, Quot.sound]
'BranchC.Omega.c1_at9_mod101' depends on axioms: [propext, Classical.choice, Quot.sound]
'BranchC.Omega.c2_at9_mod101' depends on axioms: [propext, Classical.choice, Quot.sound]
'BranchC.Omega.c3_at9_mod101' depends on axioms: [propext, Classical.choice, Quot.sound]
'BranchC.Omega.kappa_at9_mod101' depends on axioms: [propext, Classical.choice, Quot.sound]
'BranchC.Omega.kappa_mul_three_beta' depends on axioms: [propext, Classical.choice, Quot.sound]
'BranchC.Omega.omega_of_edge' depends on axioms: [propext, Classical.choice, Quot.sound]
'BranchC.Omega.betaPipe_at9_mod101' depends on axioms: [propext, Classical.choice, Quot.sound]
'BranchC.omega_of_jac' depends on axioms: [propext, Classical.choice, Quot.sound]
'BranchC.Descent.e1_omega' depends on axioms: [propext, Classical.choice, Quot.sound]
'BranchC.Descent.omega_descent_K5' depends on axioms: [propext, Classical.choice, Quot.sound]
'BranchC.Rank.opE2_kernel' depends on axioms: [propext, Classical.choice, Quot.sound]
'BranchC.Rank.opE2_lnull_0' depends on axioms: [propext, Classical.choice, Quot.sound]
'BranchC.Rank.opE1_kernel' depends on axioms: [propext, Classical.choice, Quot.sound]
'BranchC.Rank.opE1_lnull_0' depends on axioms: [propext, Classical.choice, Quot.sound]
'BranchC.Rank.opE0_kernel' depends on axioms: [propext, Classical.choice, Quot.sound]
'BranchC.Rank.opE0_lnull_0' depends on axioms: [propext, Classical.choice, Quot.sound]
'BranchC.Rank.opEm1_kernel' depends on axioms: [propext, Classical.choice, Quot.sound]
'BranchC.Rank.opEm1_lnull_1' depends on axioms: [propext, Classical.choice, Quot.sound]
'BranchC.Rank.opEm2_kernel' depends on axioms: [propext, Classical.choice, Quot.sound]
'BranchC.Rank.opEm2_lnull_2' depends on axioms: [propext, Classical.choice, Quot.sound]
'BranchC.eIdent_transport' depends on axioms: [propext, Classical.choice, Quot.sound]
'BranchC.main_theorem_c_of_claim' depends on axioms: [propext, Classical.choice, Quot.sound]
'BranchC.Descent2R.chart_descent_refl' depends on axioms: [propext, Classical.choice, Quot.sound]
'BranchC.descentClaimC_of_chartEmpty' depends on axioms: [propext, Classical.choice, Quot.sound]
'BranchC.main_theorem_c_of_chartEmpty' depends on axioms: [propext, Classical.choice, Quot.sound]
'BranchC.T1Zero.s_sq' depends on axioms: [propext, Classical.choice, Quot.sound]
'BranchC.T1Zero.s_X2' depends on axioms: [propext, Classical.choice, Quot.sound]
'BranchC.T1Zero.s_f_Theta1' depends on axioms: [propext, Classical.choice, Quot.sound]
'BranchC.T1Zero.s_p_Theta1' depends on axioms: [propext, Classical.choice, Quot.sound]
'BranchC.T1Zero.s_final' depends on axioms: [propext, Classical.choice, Quot.sound]
'BranchC.T1Zero.chartEmpty_t1_zero' depends on axioms: [propext, Classical.choice, Quot.sound]
'BranchC.chartEmptyC_of_T1ne0' depends on axioms: [propext, Classical.choice, Quot.sound]
'BranchC.descentClaimC_of_chartEmpty_T1ne0' depends on axioms: [propext, Classical.choice, Quot.sound]
'BranchC.main_theorem_c_of_chartEmpty_T1ne0' depends on axioms: [propext, Classical.choice, Quot.sound]
