# 2026-10-05T13:50:41-05:00 verify_all.sh
Singular for x86_64-Linux version 4.3.2 (4330, 64 bit) Apr  1 2024 04:44:00
== 1. python-flint independent check
P: 25 terms, Q: 47 terms; J has 2568 terms over Q[w]; nonzero (i,j)-coefficients mod R: 75
layers present: [0, 1, 2, 3]; nonzero top-layer (d > 3) coefficients: 0; generators with d in 0..3: 75
row labels: the 75 rows are exactly the independently extracted generators with d in {0,1,2,3}
certificate: 76 cofactors, 3464 terms; F = sum c_k g_k + c_76 (a_8_16 z - 1) - 1 has 24444 terms before reduction mod R(w)
control: None
RESULT: F == 0 mod R(w): the certificate is VALID
time 1.5s
exit 0
== 2. negative control: perturb (must be rejected)
control: perturb
RESULT: F != 0 mod R(w) (10 terms remain): the certificate is NOT valid
exit 1
== 2. negative control: drop_rabinowitsch (must be rejected)
control: drop_rabinowitsch
RESULT: F != 0 mod R(w) (2 terms remain): the certificate is NOT valid
exit 1
== 2. negative control: wrong_minpoly (must be rejected)
control: wrong_minpoly
RESULT: F != 0 mod R(w) (10864 terms remain): the certificate is NOT valid
exit 1
== 3. Singular over Q(w)
75
check ms:
15503
SINGULAR CHECK: sum_k I2[k]*T[k] == 1 over Q(w): VALID
wrote a816_lift.txt
a816_lift.txt regenerated byte-identically
== 4. round trip with CAIC's a816_generators.txt
ROUND TRIP (CAIC generators file + a816_lift.txt): 1 = sum f_i e_i + g (a_8_16 z - 1): VALID
== overall: ALL CHECKS PASSED
verify_all exit 0
