'BranchAb.layers_of_jac' depends on axioms: [propext, Classical.choice, Quot.sound]
'BranchAb.layers_transport' depends on axioms: [propext, Classical.choice, Quot.sound]
'BranchAb.ChartClassification' depends on axioms: [propext, Quot.sound]
'BranchAb.topLayerClassification_of_chart' depends on axioms: [propext, Classical.choice, Quot.sound]
'BranchAb.main_theorem_of_chart' depends on axioms: [propext, Classical.choice, Quot.sound]
'BranchAb.NewtonNF2' depends on axioms: [propext, Classical.choice, Quot.sound]
'BranchAb.Descent.descent_K5' depends on axioms: [propext, Classical.choice, Quot.sound]
'BranchAb.Descent.e2_t0' depends on axioms: [propext, Classical.choice, Quot.sound]
'BranchAb.no_completion_K5' depends on axioms: [propext, Classical.choice, Quot.sound]
'BranchAb.chartClassification_holds' depends on axioms: [propext, Classical.choice, Quot.sound]
'BranchAb.main_theorem' depends on axioms: [propext, Classical.choice, Quot.sound]
'BranchAb.ChartProof.eq_of_toPolyK' depends on axioms: [propext, Classical.choice, Quot.sound]
'BranchAb.ChartProof.lc_zero' depends on axioms: [propext, Classical.choice, Quot.sound]
'BranchAb.TopLayerSmall.m5_residual_iff' depends on axioms: [propext, Classical.choice, Quot.sound]
'BranchAb.TopLayerSmall.m5_chart_iff' depends on axioms: [propext, Classical.choice, Quot.sound]
'BranchAb.TopLayerSmall.m5_a4_ne_zero' depends on axioms: [propext, Quot.sound]
'BranchAb.TopLayerSmall.m5_T_squarefree' depends on axioms: [propext, Classical.choice, Quot.sound]
'BranchAb.TopLayerSmall.m5_solution_formulas' depends on axioms: [propext, Classical.choice, Quot.sound]
'BranchAb.TopLayerSmall.m3_residual_iff' depends on axioms: [propext, Classical.choice, Quot.sound]
'BranchAb.TopLayerSmall.m3_chart_iff' depends on axioms: [propext, Classical.choice, Quot.sound]
'BranchAb.TopLayerSmall.m3_a2_ne_zero' depends on axioms: [propext, Quot.sound]
'BranchAb.TopLayerSmall.m3_T_squarefree' depends on axioms: [propext, Classical.choice, Quot.sound]
