# v19 script verification log
# date: 2026-09-28T14:42:53Z
# python: Python 3.12.14
# python-flint: 0.9.0 (pip, physics conda env)
# Singular: 4.4.1 (cas conda env)
# run from: branch_ab_v19/lean/certgen (K5 scripts), branch_ab_v19/lean/certgen/chartproof (independent check)

=== belyi_counts_m357.py (exit 0) ===
m=3: n=9 passport (2, 2, 2, 2, 1) | (3, 3, 3) | (7, 1, 1): covers = 1 (remainder 0); chart points = 3
m=5: n=15 passport (2, 2, 2, 2, 2, 2, 2, 1) | (3, 3, 3, 3, 3) | (12, 1, 1, 1): covers = 2 (remainder 0); chart points = 10
m=7: n=21 passport (2, 2, 2, 2, 2, 2, 2, 2, 2, 2, 1) | (3, 3, 3, 3, 3, 3, 3) | (17, 1, 1, 1, 1): covers = 5 (remainder 0); chart points = 35

=== exact_ranks_K5.py (exit 0) ===
unknown counts: E4 19  E3 20  E2 12
E4: 18 x 19 over K5 (char 0, exact): rank 17
E3: 19 x 20 over K5 (char 0, exact): rank 18
E2: 19 x 12 over K5 (char 0, exact): rank 12
E3 solvable for every t in characteristic 0: left null vector kills K(t) identically: True

=== exact_obstruction_K5.py (exit 0) ===
E4: 18x19, rank 17, kernel 2 (exact, char 0); kernel residuals zero
E3: 19x20, rank 18, kernel 2
E3 solvable for every t in characteristic 0 (consistency of all three t-monomials checked exactly); residuals M3 x + K = 0
E2: 19x12, rank 12, left nullity 7
7 conditions: b_i cubic, M_i and L_i linear in t (exact) -- matches the paper's Lemma 8.2 shape
35 minors: rank of 35x6 coefficient matrix over K5 = 6  (6 means they span ALL binary quintics)
wrote machine-readable rank certificate: ../../logs/k5_minor_certificate.json (35x6 matrix, rank 6, 6x6 minor rows [0, 1, 2, 3, 5, 6], det != 0: True)
planted control at (t,s)=(4, 9),(2, 6): 7 conditions vanish at planted point: True; 35 planted minors vanish at t0: True; condition-matrix rank 3 -> 2: True; planted E2 directly solvable: True
cubic planted control: 35 homogeneous minors vanish at t0: True; minor rank 6 -> 5: True
(t,s)=(2, 3),(5, 7): nonvanishing weight -3 eqs: 0, weight -2 eqs: 0;  E2 inhomogeneity symbolic==direct: True
(t,s)=(-1, 4),(0, 11): nonvanishing weight -3 eqs: 0, weight -2 eqs: 0;  E2 inhomogeneity symbolic==direct: True

=== independent_check.py (exit 0) ===
Stage-2 batches: 39 ; largest: 8970 monomial products
PASS: all 111 steps hold as polynomial identities over Z (105 lc_zero, 6 cancellations)
