======================================================================
Rank of weight-W diagonal block
======================================================================

Setup:
  Variables: (J_k,K_k) with 2J_k+K_k = W, ordered by descending J.
  e_k = d - J_k - K_k = d - W + J_k (strictly decreasing in k).
  Block entries: M_{(i,a),k} = C(e_k,i) * a^{e_k-i}.
  i = 0..m-1 (at-power), a in {a3,a4} (two centers).

--- Symbolic: n=3 vars, m=2 (4 rows x 3 cols) ---
e1>e2>e3 distinct, a3!=a4 nonzero.

Matrix [C(e_k,i)] (4x3), i=0,0,1,1 (two centers give duplicate i):
  (Row scaling by a^{-i} and column scaling by a^{e_k} omitted;
   these are nonzero and preserve rank.)
⎡1   1   1 ⎤
⎢          ⎥
⎢1   1   1 ⎥
⎢          ⎥
⎢e₁  e₂  e₃⎥
⎢          ⎥
⎣e₁  e₂  e₃⎦

--- Square 3x3: rows i=0,1,2 at single center ---
⎡     1            1            1     ⎤
⎢                                     ⎥
⎢    e₁           e₂           e₃     ⎥
⎢                                     ⎥
⎢e₁⋅(e₁ - 1)  e₂⋅(e₂ - 1)  e₃⋅(e₃ - 1)⎥
⎢───────────  ───────────  ───────────⎥
⎣     2            2            2     ⎦

Determinant: -(e1 - e2)*(e1 - e3)*(e2 - e3)/2

Expected: Vandermonde (e1-e2)(e1-e3)(e2-e3)/2.
The C(e,i) are polynomials in e of degree i with lc 1/i!,
so [C(e_k,i)] = V * D where V is Vandermonde and D diagonal.
Since e_k distinct, det != 0.

======================================================================
General proof
======================================================================

Theorem: For distinct e_1,...,e_n and m >= n, the 2m x n block
matrix with entries C(e_k,i)*a^{e_k-i} (i=0..m-1, a=a3,a4)
has rank n.

Proof:
1. Factor column k: a^{e_k} * [C(e_k,i) * a^{-i}].
   The a^{e_k} are nonzero scalars; rank unchanged by column scaling.
2. Factor row (i,a): a^{-i} * [C(e_k,i)].
   The a^{-i} are nonzero; rank unchanged by row scaling.
3. It suffices to show [C(e_k,i)] (i=0..n-1, k=1..n) has rank n.
4. C(e,i) = falling(e,i)/i! where falling(e,i) is the falling factorial.
   This is a polynomial in e of degree i with leading coefficient 1/i!.
5. Therefore [C(e_k,i)] = V * D where:
   - V_{i,k} = e_k^i (Vandermonde, i=0..n-1),
   - D is upper-triangular with 1/i! on diagonal (change of basis
     from monomials to falling factorials).
   Actually, more directly: the rows are polynomials in e_k of
   exact degree i. By row operations (subtracting multiples of
   lower-degree rows), we transform to [e_k^i / i!], which is
   Vandermonde up to diagonal scaling.
6. Since e_k are distinct, Vandermonde det = prod_{j<k}(e_k-e_j) != 0.
7. Hence [C(e_k,i)] is nonsingular, rank n.

Corollary: Each weight-W diagonal block has full column rank.
The descending induction on W kills all J>=1 variables for every d.

The m=1 bridge is empty for all d. QED.

