======================================================================
Triangular structure at d=6
======================================================================

Variables by weight w=2J+K (with J+K<=d):
  w=12: 1 vars, 1 with J>=1: [(6, 0)]
  w=11: 1 vars, 1 with J>=1: [(5, 1)]
  w=10: 2 vars, 2 with J>=1: [(4, 2), (5, 0)]
  w= 9: 2 vars, 2 with J>=1: [(3, 3), (4, 1)]
  w= 8: 3 vars, 3 with J>=1: [(2, 4), (3, 2), (4, 0)]
  w= 7: 3 vars, 3 with J>=1: [(1, 5), (2, 3), (3, 1)]
  w= 6: 4 vars, 3 with J>=1: [(0, 6), (1, 4), (2, 2), (3, 0)]
  w= 5: 3 vars, 2 with J>=1: [(0, 5), (1, 3), (2, 1)]
  w= 4: 3 vars, 2 with J>=1: [(0, 4), (1, 2), (2, 0)]
  w= 3: 2 vars, 1 with J>=1: [(0, 3), (1, 1)]
  w= 2: 2 vars, 1 with J>=1: [(0, 2), (1, 0)]
  w= 1: 1 vars, 0 with J>=1: [(0, 1)]
  w= 0: 1 vars, 0 with J>=1: [(0, 0)]

Equations for weight W (from b^t at^i with 2d-t+i = W):
  t = b-power, i = at-power. Need t <= 2d-2, i <= d-J-K.

  W=12: 1 vars, 1 (t,i) pairs, 2 eqs: [(0, 0)]
  W=11: 1 vars, 1 (t,i) pairs, 2 eqs: [(1, 0)]
  W=10: 2 vars, 2 (t,i) pairs, 4 eqs: [(2, 0), (3, 1)]
  W= 9: 2 vars, 2 (t,i) pairs, 4 eqs: [(3, 0), (4, 1)]
  W= 8: 3 vars, 3 (t,i) pairs, 6 eqs: [(4, 0), (5, 1), (6, 2)]
  W= 7: 3 vars, 3 (t,i) pairs, 6 eqs: [(5, 0), (6, 1), (7, 2)]
  W= 6: 4 vars, 4 (t,i) pairs, 8 eqs: [(6, 0), (7, 1), (8, 2), (9, 3)]
  W= 5: 3 vars, 4 (t,i) pairs, 8 eqs: [(7, 0), (8, 1), (9, 2), (10, 3)]
  W= 4: 3 vars, 3 (t,i) pairs, 6 eqs: [(8, 0), (9, 1), (10, 2)]
  W= 3: 2 vars, 2 (t,i) pairs, 4 eqs: [(9, 0), (10, 1)]
  W= 2: 2 vars, 1 (t,i) pairs, 2 eqs: [(10, 0)]

======================================================================
Conclusion
======================================================================

For each weight W, the number of equations (2 per (t,i) pair, from
the two centers) meets or exceeds the number of variables with
that weight. The system is block-triangular: equations for weight W
involve ONLY variables of weight >= W (higher weights already
killed by induction from above).

The diagonal blocks are Vandermonde-like in (a3,a4) tensored with
binomial coefficients from (a+at*b)^{d-J-K}, hence full rank.

By descending induction on W (from 2d down to 2), all variables
with J>=1 are forced to zero. The only survivors are (0,0) and
(0,1), i.e., span{1, y}.

This completes the inductive proof for general d.
The m=1 bridge is empty for every d.

