======================================================================
Mixed poles: m=2 at a=2, m=3 at a=5
======================================================================

--- Linear joint vanishing ---
  d=2: nvars=6 rank=2 nullity=4 J_identically_0=False
       support: [(0, 0), (0, 1), (0, 2), (1, 0)]
       J(y,x)=-1
  d=3: nvars=10 rank=5 nullity=5 J_identically_0=False
       support: [(0, 0), (0, 1), (0, 2), (0, 3), (1, 0), (1, 1)]
       J(y,x)=-1
  d=4: nvars=15 rank=10 nullity=5 J_identically_0=False
       support: [(0, 0), (0, 1), (0, 2), (0, 3), (1, 0), (1, 1)]
       J(y,x)=-1
  d=5: nvars=21 rank=16 nullity=5 J_identically_0=False
       support: [(0, 0), (0, 1), (0, 2), (0, 3), (1, 0), (1, 1)]
       J(y,x)=-1
  d=6: nvars=28 rank=23 nullity=5 J_identically_0=False
       support: [(0, 0), (0, 1), (0, 2), (0, 3), (1, 0), (1, 1)]
       J(y,x)=-1
  d=7: nvars=36 rank=31 nullity=5 J_identically_0=False
       support: [(0, 0), (0, 1), (0, 2), (0, 3), (1, 0), (1, 1)]
       J(y,x)=-1

Lowest d with nontrivial joint span: 2

======================================================================
Nonlinear: leading at-degrees at each center
======================================================================
center a3 (m=2): b^2 coeff = a*c3 + c2
  at-degree = 0 (need 2). FAIL: deg != 2
center a4 (m=3): b^1 coeff = 0
  at-degree = -oo (need 3). FAIL: deg != 3

CONCLUSION: at least one center fails the degree test.
The mixed (m=2,m=3) bridge is INCONSISTENT at d=2.
Unequal poles do NOT evade the degree obstruction.
