✔ [769/775] Built Jacobian.BranchC.Rank.E2.piv_b_3_6 (18s)
✔ [770/775] Built Jacobian.BranchC.Rank.E2.piv_b_4_8 (19s)
✔ [771/775] Built Jacobian.BranchC.Rank.E2.piv_b_5_10 (18s)
✔ [772/776] Built Jacobian.BranchC.Rank.E2.piv_b_1_2 (18s)
✔ [773/777] Built Jacobian.BranchC.Rank.E2.piv_b_2_4 (18s)
✔ [774/778] Built Jacobian.BranchC.Rank.E2.piv_b_6_12 (18s)
✔ [775/779] Built Jacobian.BranchC.Rank.E2.piv_b_7_14 (20s)
✔ [776/780] Built Jacobian.BranchC.Rank.E2.piv_b_8_16 (20s)
✔ [777/781] Built Jacobian.BranchC.Rank.E2.piv_b_10_20 (16s)
✔ [778/782] Built Jacobian.BranchC.Rank.E2.piv_b_9_18 (19s)
✔ [779/783] Built Jacobian.BranchC.Rank.E2.piv_b_11_22 (16s)
✔ [780/784] Built Jacobian.BranchC.Rank.E2.piv_b_12_24 (16s)
✔ [781/785] Built Jacobian.BranchC.Rank.E2.piv_a_0_1 (20s)
✔ [782/786] Built Jacobian.BranchC.Rank.E2.piv_a_1_3 (20s)
✔ [783/787] Built Jacobian.BranchC.Rank.E2.piv_a_2_5 (18s)
✔ [784/788] Built Jacobian.BranchC.Rank.E2.piv_a_3_7 (18s)
✔ [785/790] Built Jacobian.BranchC.Rank.E2.piv_a_4_9 (18s)
✔ [786/790] Built Jacobian.BranchC.Rank.E2.piv_a_5_11 (19s)
✔ [787/792] Built Jacobian.BranchC.Rank.E2.lnull (23s)
✔ [788/793] Built Jacobian.BranchC.Rank.E2.rows (32s)
✔ [789/794] Built Jacobian.BranchC.Rank.E1.piv_a_0_2 (18s)
✔ [790/794] Built Jacobian.BranchC.Rank.E1.piv_a_1_4 (18s)
✔ [791/795] Built Jacobian.BranchC.Rank.E2.Kernel (6.9s)
✔ [792/796] Built Jacobian.BranchC.Rank.E1.piv_a_2_6 (18s)
✔ [793/797] Built Jacobian.BranchC.Rank.E1.piv_a_3_8 (18s)
✔ [794/798] Built Jacobian.BranchC.Rank.E1.piv_a_4_10 (18s)
✔ [795/799] Built Jacobian.BranchC.Rank.E1.piv_a_5_12 (18s)
✔ [796/800] Built Jacobian.BranchC.Rank.E1.piv_b_0_1 (3.7s)
✔ [797/801] Built Jacobian.BranchC.Rank.E1.piv_a_6_14 (17s)
✔ [798/802] Built Jacobian.BranchC.Rank.E1.piv_b_1_3 (18s)
✔ [799/803] Built Jacobian.BranchC.Rank.E1.piv_b_2_5 (19s)
✔ [800/804] Built Jacobian.BranchC.Rank.E1.piv_b_3_7 (19s)
✔ [801/805] Built Jacobian.BranchC.Rank.E1.piv_b_4_9 (19s)
✔ [802/806] Built Jacobian.BranchC.Rank.E1.piv_b_5_11 (19s)
✔ [803/807] Built Jacobian.BranchC.Rank.E1.piv_b_6_13 (19s)
✔ [804/808] Built Jacobian.BranchC.Rank.E1.piv_b_7_15 (19s)
✔ [805/809] Built Jacobian.BranchC.Rank.E1.piv_b_8_17 (18s)
✔ [806/811] Built Jacobian.BranchC.Rank.E1.piv_b_9_19 (18s)
✔ [807/811] Built Jacobian.BranchC.Rank.E1.piv_b_11_23 (23s)
✔ [808/813] Built Jacobian.BranchC.Rank.E1.rows (22s)
✔ [809/814] Built Jacobian.BranchC.Rank.E1.lnull (17s)
✔ [810/815] Built Jacobian.BranchC.Rank.E0.piv_a_0_3 (15s)
✔ [811/815] Built Jacobian.BranchC.Rank.E1.Kernel (6.1s)
✔ [812/816] Built Jacobian.BranchC.Rank.E0.piv_a_1_5 (16s)
✔ [813/817] Built Jacobian.BranchC.Rank.E0.piv_a_2_7 (15s)
✔ [814/818] Built Jacobian.BranchC.Rank.E0.piv_a_3_9 (15s)
✔ [815/819] Built Jacobian.BranchC.Rank.E0.piv_a_4_11 (15s)
✔ [816/820] Built Jacobian.BranchC.Rank.E0.piv_b_0_2 (3.3s)
✔ [817/821] Built Jacobian.BranchC.Rank.E0.piv_a_5_13 (16s)
✔ [818/822] Built Jacobian.BranchC.Rank.E0.piv_b_1_4 (16s)
✔ [819/823] Built Jacobian.BranchC.Rank.E0.piv_b_2_6 (15s)
✔ [820/824] Built Jacobian.BranchC.Rank.E0.piv_b_3_8 (15s)
✔ [821/825] Built Jacobian.BranchC.Rank.E0.piv_b_4_10 (15s)
✔ [822/826] Built Jacobian.BranchC.Rank.E0.piv_b_5_12 (15s)
✔ [823/827] Built Jacobian.BranchC.Rank.E0.piv_b_6_14 (15s)
✔ [824/828] Built Jacobian.BranchC.Rank.E0.piv_b_7_16 (15s)
✔ [825/829] Built Jacobian.BranchC.Rank.E0.piv_b_8_18 (15s)
✔ [826/831] Built Jacobian.BranchC.Rank.E0.piv_b_9_20 (15s)
✔ [827/831] Built Jacobian.BranchC.Rank.E0.piv_b_10_22 (18s)
✔ [828/833] Built Jacobian.BranchC.Rank.E0.rows (12s)
✔ [829/834] Built Jacobian.BranchC.Rank.E0.lnull (16s)
✔ [830/835] Built Jacobian.BranchC.Rank.Em1.piv_a_0_4 (12s)
✔ [831/835] Built Jacobian.BranchC.Rank.E0.Kernel (4.6s)
✔ [832/836] Built Jacobian.BranchC.Rank.Em1.piv_a_1_6 (12s)
✔ [833/837] Built Jacobian.BranchC.Rank.Em1.piv_a_2_8 (13s)
✔ [834/838] Built Jacobian.BranchC.Rank.Em1.piv_a_3_10 (13s)
✔ [835/839] Built Jacobian.BranchC.Rank.Em1.piv_b_0_3 (3.2s)
✔ [836/840] Built Jacobian.BranchC.Rank.Em1.piv_a_4_12 (13s)
✔ [837/841] Built Jacobian.BranchC.Rank.Em1.piv_b_1_5 (12s)
✔ [838/842] Built Jacobian.BranchC.Rank.Em1.piv_b_2_7 (13s)
✔ [839/843] Built Jacobian.BranchC.Rank.Em1.piv_b_3_9 (12s)
✔ [840/844] Built Jacobian.BranchC.Rank.Em1.piv_b_4_11 (12s)
✔ [841/845] Built Jacobian.BranchC.Rank.Em1.piv_b_5_13 (12s)
✔ [842/846] Built Jacobian.BranchC.Rank.Em1.piv_b_6_15 (12s)
✔ [843/847] Built Jacobian.BranchC.Rank.Em1.piv_b_7_17 (12s)
✔ [844/849] Built Jacobian.BranchC.Rank.Em1.piv_b_8_19 (12s)
✔ [845/849] Built Jacobian.BranchC.Rank.Em1.rows (10s)
✔ [846/851] Built Jacobian.BranchC.Rank.Em1.piv_b_9_21 (15s)
✔ [847/852] Built Jacobian.BranchC.Rank.Em2.piv_a_0_5 (14s)
✔ [848/853] Built Jacobian.BranchC.Rank.Em1.lnull (23s)
✔ [849/854] Built Jacobian.BranchC.Rank.Em2.piv_a_1_7 (10s)
✔ [850/854] Built Jacobian.BranchC.Rank.Em1.Kernel (3.9s)
✔ [851/855] Built Jacobian.BranchC.Rank.Em2.piv_a_2_9 (10s)
✔ [852/856] Built Jacobian.BranchC.Rank.Em2.piv_b_0_4 (2.0s)
✔ [853/857] Built Jacobian.BranchC.Rank.Em2.piv_a_3_11 (10s)
✔ [854/858] Built Jacobian.BranchC.Rank.Em2.piv_b_1_6 (9.0s)
✔ [855/859] Built Jacobian.BranchC.Rank.Em2.piv_b_2_8 (9.9s)
✔ [856/860] Built Jacobian.BranchC.Rank.Em2.piv_b_3_10 (10s)
✔ [857/861] Built Jacobian.BranchC.Rank.Em2.piv_b_4_12 (10s)
✔ [858/862] Built Jacobian.BranchC.Rank.Em2.piv_b_5_14 (10s)
✔ [859/863] Built Jacobian.BranchC.Rank.Em2.piv_b_6_16 (10s)
✔ [861/865] Built Jacobian.BranchC.Rank.Em2.piv_b_7_18 (10s)
✔ [862/865] Built Jacobian.BranchC.Rank.Em2.piv_b_8_20 (12s)
✔ [863/865] Built Jacobian.BranchC.Rank.Em2.rows (10s)
✔ [864/865] Built Jacobian.BranchC.Rank.Em2.lnull (23s)
✔ [865/865] Built Jacobian.BranchC.Rank.Em2.Kernel (3.3s)
Build completed successfully (865 jobs).

real	12m24.147s
user	23m27.573s
sys	0m53.362s
