✔ [8970/8980] Built Jacobian.BranchC.Descent.E2cred.r2c_1_1 (4.7s)
✔ [8978/8982] Built Jacobian.BranchC.Descent.E2cred.r2c_2_3 (5.1s)
✔ [8979/8983] Built Jacobian.BranchC.Descent.E2cred.r2c_3_5 (7.4s)
✔ [8980/8984] Built Jacobian.BranchC.Descent.E2cred.r2c_4_7 (9.6s)
✔ [8981/8985] Built Jacobian.BranchC.Descent.E2cred.r2c_5_9 (10s)
✔ [8982/8986] Built Jacobian.BranchC.Descent.E2cred.r2c_6_11 (12s)
✔ [8983/8987] Built Jacobian.BranchC.Descent.E2cred.r2c_7_13 (13s)
✔ [8984/8988] Built Jacobian.BranchC.Descent.E2cred.r2c_8_15 (16s)
✔ [8985/8989] Built Jacobian.BranchC.Descent.E2cred.r2c_9_17 (16s)
✔ [8986/8990] Built Jacobian.BranchC.Descent.E2cred.r2c_10_19 (17s)
✔ [8987/8991] Built Jacobian.BranchC.Descent.E2cred.r2c_11_21 (15s)
✔ [8988/8992] Built Jacobian.BranchC.Descent.E2cred.r2c_12_23 (14s)
✔ [8989/8993] Built Jacobian.BranchC.Descent.E2cred.r2c_13_25 (11s)
✔ [8990/8994] Built Jacobian.BranchC.Descent.E2cred.r2c_14_27 (10s)
✔ [8991/8995] Built Jacobian.BranchC.Descent.E2cred.r2c_15_29 (8.9s)
✔ [8992/8996] Built Jacobian.BranchC.Descent.E2cred.r2c_16_31 (8.2s)
✔ [8993/8997] Built Jacobian.BranchC.Descent.E2cred.r2c_17_33 (6.6s)
✔ [8994/8998] Built Jacobian.BranchC.Descent.E2cred.r2c_19_37 (3.9s)
✔ [8995/8999] Built Jacobian.BranchC.Descent.E2cred.r2c_18_35 (4.5s)
✔ [8996/9000] Built Jacobian.BranchC.Descent.E2c.y_b_2_4 (63s)
✔ [8997/9001] Built Jacobian.BranchC.Descent.E2c.y_b_1_2 (64s)
✔ [8998/9003] Built Jacobian.BranchC.Descent.E2c.y_b_3_6 (43s)
✔ [8999/9003] Built Jacobian.BranchC.Descent.E2c.y_b_4_8 (43s)
✔ [9000/9004] Built Jacobian.BranchC.Descent.E2c.y_b_6_12 (42s)
✔ [9001/9004] Built Jacobian.BranchC.Descent.E2c.y_b_5_10 (43s)
✔ [9002/9006] Built Jacobian.BranchC.Descent.E2c.y_b_7_14 (48s)
✔ [9003/9007] Built Jacobian.BranchC.Descent.E2c.y_b_8_16 (48s)
✔ [9004/9008] Built Jacobian.BranchC.Descent.E2c.y_b_10_20 (39s)
✔ [9005/9009] Built Jacobian.BranchC.Descent.E2c.y_b_9_18 (48s)
✔ [9006/9010] Built Jacobian.BranchC.Descent.E2c.y_b_11_22 (32s)
✔ [9007/9011] Built Jacobian.BranchC.Descent.E2c.y_b_12_24 (32s)
✔ [9008/9012] Built Jacobian.BranchC.Descent.E2c.y_a_0_1 (44s)
✔ [9009/9013] Built Jacobian.BranchC.Descent.E2c.y_a_1_3 (41s)
✔ [9010/9014] Built Jacobian.BranchC.Descent.E2c.y_a_2_5 (45s)
✔ [9011/9015] Built Jacobian.BranchC.Descent.E2c.y_a_3_7 (43s)
✔ [9012/9016] Built Jacobian.BranchC.Descent.E2c.y_a_4_9 (42s)
✔ [9013/9017] Built Jacobian.BranchC.Descent.E2c.y_a_5_11 (41s)
✔ [9014/9018] Built Jacobian.BranchC.Descent.E1red.r1_0_0 (7.3s)
✔ [9015/9018] Built Jacobian.BranchC.Descent.E1red.r1_1_2 (9.8s)
✔ [9016/9020] Built Jacobian.BranchC.Descent.E1red.r1_2_4 (20s)
✔ [9017/9021] Built Jacobian.BranchC.Descent.E1red.r1_3_6 (27s)
✔ [9018/9022] Built Jacobian.BranchC.Descent.E1red.r1_4_8 (36s)
✔ [9019/9023] Built Jacobian.BranchC.Descent.E1red.r1_5_10 (46s)
✔ [9020/9024] Built Jacobian.BranchC.Descent.E1red.r1_6_12 (55s)
✔ [9021/9025] Built Jacobian.BranchC.Descent.E1red.r1_7_14 (61s)
✔ [9022/9026] Built Jacobian.BranchC.Descent.E1red.r1_8_16 (64s)
✔ [9023/9027] Built Jacobian.BranchC.Descent.E1red.r1_9_18 (65s)
✔ [9024/9028] Built Jacobian.BranchC.Descent.E1red.r1_10_20 (59s)
✔ [9025/9029] Built Jacobian.BranchC.Descent.E1red.r1_11_22 (51s)
✔ [9026/9030] Built Jacobian.BranchC.Descent.E1red.r1_12_24 (45s)
✔ [9027/9031] Built Jacobian.BranchC.Descent.E1red.r1_13_26 (37s)
✔ [9028/9032] Built Jacobian.BranchC.Descent.E1red.r1_14_28 (31s)
✔ [9029/9033] Built Jacobian.BranchC.Descent.E1red.r1_15_30 (24s)
✔ [9030/9034] Built Jacobian.BranchC.Descent.E1red.r1_16_32 (18s)
✔ [9031/9036] Built Jacobian.BranchC.Descent.E1red.r1_17_34 (13s)
✔ [9032/9036] Built Jacobian.BranchC.Descent.E1red.r1_19_38 (7.9s)
✔ [9033/9045] Built Jacobian.BranchC.Descent.E1red.r1_18_36 (9.6s)
✔ [9043/9069] Built Jacobian.BranchC.OmegaEdge (35s)
✔ [9091/9093] Built Jacobian.BranchC.DescentClaim (55s)
✔ [9092/9093] Built Jacobian.BranchC.Descent.Omega1 (99s)
✔ [9093/9093] Built Jacobian.BranchC.Descent.MainOmega (28s)
Build completed successfully (9093 jobs).

real	16m25.553s
user	27m59.601s
sys	2m4.312s
